Archive member included to satisfy reference by file (symbol)

c:/st/stm32cubeide_1.10.1/stm32cubeide/plugins/com.st.stm32cube.ide.mcu.externaltools.gnu-tools-for-stm32.10.3-2021.10.win32_1.0.0.202111181127/tools/bin/../lib/gcc/arm-none-eabi/10.3.1/../../../../arm-none-eabi/lib/thumb/v7e-m+fp/hard\libc_nano.a(lib_a-errno.o)
                              ./Src/syscalls.o (__errno)
c:/st/stm32cubeide_1.10.1/stm32cubeide/plugins/com.st.stm32cube.ide.mcu.externaltools.gnu-tools-for-stm32.10.3-2021.10.win32_1.0.0.202111181127/tools/bin/../lib/gcc/arm-none-eabi/10.3.1/../../../../arm-none-eabi/lib/thumb/v7e-m+fp/hard\libc_nano.a(lib_a-exit.o)
                              c:/st/stm32cubeide_1.10.1/stm32cubeide/plugins/com.st.stm32cube.ide.mcu.externaltools.gnu-tools-for-stm32.10.3-2021.10.win32_1.0.0.202111181127/tools/bin/../lib/gcc/arm-none-eabi/10.3.1/../../../../arm-none-eabi/lib/thumb/v7e-m+fp/hard/crt0.o (exit)
c:/st/stm32cubeide_1.10.1/stm32cubeide/plugins/com.st.stm32cube.ide.mcu.externaltools.gnu-tools-for-stm32.10.3-2021.10.win32_1.0.0.202111181127/tools/bin/../lib/gcc/arm-none-eabi/10.3.1/../../../../arm-none-eabi/lib/thumb/v7e-m+fp/hard\libc_nano.a(lib_a-impure.o)
                              c:/st/stm32cubeide_1.10.1/stm32cubeide/plugins/com.st.stm32cube.ide.mcu.externaltools.gnu-tools-for-stm32.10.3-2021.10.win32_1.0.0.202111181127/tools/bin/../lib/gcc/arm-none-eabi/10.3.1/../../../../arm-none-eabi/lib/thumb/v7e-m+fp/hard\libc_nano.a(lib_a-exit.o) (_global_impure_ptr)
c:/st/stm32cubeide_1.10.1/stm32cubeide/plugins/com.st.stm32cube.ide.mcu.externaltools.gnu-tools-for-stm32.10.3-2021.10.win32_1.0.0.202111181127/tools/bin/../lib/gcc/arm-none-eabi/10.3.1/../../../../arm-none-eabi/lib/thumb/v7e-m+fp/hard\libc_nano.a(lib_a-init.o)
                              c:/st/stm32cubeide_1.10.1/stm32cubeide/plugins/com.st.stm32cube.ide.mcu.externaltools.gnu-tools-for-stm32.10.3-2021.10.win32_1.0.0.202111181127/tools/bin/../lib/gcc/arm-none-eabi/10.3.1/../../../../arm-none-eabi/lib/thumb/v7e-m+fp/hard/crt0.o (__libc_init_array)
c:/st/stm32cubeide_1.10.1/stm32cubeide/plugins/com.st.stm32cube.ide.mcu.externaltools.gnu-tools-for-stm32.10.3-2021.10.win32_1.0.0.202111181127/tools/bin/../lib/gcc/arm-none-eabi/10.3.1/../../../../arm-none-eabi/lib/thumb/v7e-m+fp/hard\libc_nano.a(lib_a-memset.o)
                              c:/st/stm32cubeide_1.10.1/stm32cubeide/plugins/com.st.stm32cube.ide.mcu.externaltools.gnu-tools-for-stm32.10.3-2021.10.win32_1.0.0.202111181127/tools/bin/../lib/gcc/arm-none-eabi/10.3.1/../../../../arm-none-eabi/lib/thumb/v7e-m+fp/hard/crt0.o (memset)
c:/st/stm32cubeide_1.10.1/stm32cubeide/plugins/com.st.stm32cube.ide.mcu.externaltools.gnu-tools-for-stm32.10.3-2021.10.win32_1.0.0.202111181127/tools/bin/../lib/gcc/arm-none-eabi/10.3.1/../../../../arm-none-eabi/lib/thumb/v7e-m+fp/hard\libc_nano.a(lib_a-vsprintf.o)
                              ./Src/main.o (vsprintf)
c:/st/stm32cubeide_1.10.1/stm32cubeide/plugins/com.st.stm32cube.ide.mcu.externaltools.gnu-tools-for-stm32.10.3-2021.10.win32_1.0.0.202111181127/tools/bin/../lib/gcc/arm-none-eabi/10.3.1/../../../../arm-none-eabi/lib/thumb/v7e-m+fp/hard\libc_nano.a(lib_a-nano-svfprintf.o)
                              c:/st/stm32cubeide_1.10.1/stm32cubeide/plugins/com.st.stm32cube.ide.mcu.externaltools.gnu-tools-for-stm32.10.3-2021.10.win32_1.0.0.202111181127/tools/bin/../lib/gcc/arm-none-eabi/10.3.1/../../../../arm-none-eabi/lib/thumb/v7e-m+fp/hard\libc_nano.a(lib_a-vsprintf.o) (_svfprintf_r)
c:/st/stm32cubeide_1.10.1/stm32cubeide/plugins/com.st.stm32cube.ide.mcu.externaltools.gnu-tools-for-stm32.10.3-2021.10.win32_1.0.0.202111181127/tools/bin/../lib/gcc/arm-none-eabi/10.3.1/../../../../arm-none-eabi/lib/thumb/v7e-m+fp/hard\libc_nano.a(lib_a-nano-vfprintf_i.o)
                              c:/st/stm32cubeide_1.10.1/stm32cubeide/plugins/com.st.stm32cube.ide.mcu.externaltools.gnu-tools-for-stm32.10.3-2021.10.win32_1.0.0.202111181127/tools/bin/../lib/gcc/arm-none-eabi/10.3.1/../../../../arm-none-eabi/lib/thumb/v7e-m+fp/hard\libc_nano.a(lib_a-nano-svfprintf.o) (_printf_i)
c:/st/stm32cubeide_1.10.1/stm32cubeide/plugins/com.st.stm32cube.ide.mcu.externaltools.gnu-tools-for-stm32.10.3-2021.10.win32_1.0.0.202111181127/tools/bin/../lib/gcc/arm-none-eabi/10.3.1/../../../../arm-none-eabi/lib/thumb/v7e-m+fp/hard\libc_nano.a(lib_a-memchr.o)
                              c:/st/stm32cubeide_1.10.1/stm32cubeide/plugins/com.st.stm32cube.ide.mcu.externaltools.gnu-tools-for-stm32.10.3-2021.10.win32_1.0.0.202111181127/tools/bin/../lib/gcc/arm-none-eabi/10.3.1/../../../../arm-none-eabi/lib/thumb/v7e-m+fp/hard\libc_nano.a(lib_a-nano-svfprintf.o) (memchr)
c:/st/stm32cubeide_1.10.1/stm32cubeide/plugins/com.st.stm32cube.ide.mcu.externaltools.gnu-tools-for-stm32.10.3-2021.10.win32_1.0.0.202111181127/tools/bin/../lib/gcc/arm-none-eabi/10.3.1/../../../../arm-none-eabi/lib/thumb/v7e-m+fp/hard\libc_nano.a(lib_a-memcpy-stub.o)
[...]
Memory Configuration

Name             Origin             Length             Attributes
RAM              0x0000000020000000 0x0000000000050000 xrw
SRAM2            0x0000000010000000 0x0000000000010000 xrw
FLASH            0x0000000008000000 0x0000000000010000 xr
*default*        0x0000000000000000 0xffffffffffffffff

Linker script and memory map

LOAD c:/st/stm32cubeide_1.10.1/stm32cubeide/plugins/com.st.stm32cube.ide.mcu.externaltools.gnu-tools-for-stm32.10.3-2021.10.win32_1.0.0.202111181127/tools/bin/../lib/gcc/arm-none-eabi/10.3.1/thumb/v7e-m+fp/hard/crti.o
LOAD c:/st/stm32cubeide_1.10.1/stm32cubeide/plugins/com.st.stm32cube.ide.mcu.externaltools.gnu-tools-for-stm32.10.3-2021.10.win32_1.0.0.202111181127/tools/bin/../lib/gcc/arm-none-eabi/10.3.1/thumb/v7e-m+fp/hard/crtbegin.o
LOAD c:/st/stm32cubeide_1.10.1/stm32cubeide/plugins/com.st.stm32cube.ide.mcu.externaltools.gnu-tools-for-stm32.10.3-2021.10.win32_1.0.0.202111181127/tools/bin/../lib/gcc/arm-none-eabi/10.3.1/../../../../arm-none-eabi/lib/thumb/v7e-m+fp/hard/crt0.o
LOAD ./Src/bootjump.o
LOAD ./Src/crc16.o
LOAD ./Src/flash.o
LOAD ./Src/main.o
LOAD ./Src/syscalls.o
LOAD ./Src/sysmem.o
LOAD ./Src/system_stm32l4xx.o
LOAD ./Startup/startup_stm32l496zgtx.o
START GROUP
LOAD c:/st/stm32cubeide_1.10.1/stm32cubeide/plugins/com.st.stm32cube.ide.mcu.externaltools.gnu-tools-for-stm32.10.3-2021.10.win32_1.0.0.202111181127/tools/bin/../lib/gcc/arm-none-eabi/10.3.1/../../../../arm-none-eabi/lib/thumb/v7e-m+fp/hard\libc_nano.a
LOAD c:/st/stm32cubeide_1.10.1/stm32cubeide/plugins/com.st.stm32cube.ide.mcu.externaltools.gnu-tools-for-stm32.10.3-2021.10.win32_1.0.0.202111181127/tools/bin/../lib/gcc/arm-none-eabi/10.3.1/../../../../arm-none-eabi/lib/thumb/v7e-m+fp/hard\libm.a
END GROUP
START GROUP
LOAD c:/st/stm32cubeide_1.10.1/stm32cubeide/plugins/com.st.stm32cube.ide.mcu.externaltools.gnu-tools-for-stm32.10.3-2021.10.win32_1.0.0.202111181127/tools/bin/../lib/gcc/arm-none-eabi/10.3.1/thumb/v7e-m+fp/hard\libgcc.a
LOAD c:/st/stm32cubeide_1.10.1/stm32cubeide/plugins/com.st.stm32cube.ide.mcu.externaltools.gnu-tools-for-stm32.10.3-2021.10.win32_1.0.0.202111181127/tools/bin/../lib/gcc/arm-none-eabi/10.3.1/../../../../arm-none-eabi/lib/thumb/v7e-m+fp/hard\libc_nano.a
END GROUP
START GROUP
LOAD c:/st/stm32cubeide_1.10.1/stm32cubeide/plugins/com.st.stm32cube.ide.mcu.externaltools.gnu-tools-for-stm32.10.3-2021.10.win32_1.0.0.202111181127/tools/bin/../lib/gcc/arm-none-eabi/10.3.1/thumb/v7e-m+fp/hard\libgcc.a
LOAD c:/st/stm32cubeide_1.10.1/stm32cubeide/plugins/com.st.stm32cube.ide.mcu.externaltools.gnu-tools-for-stm32.10.3-2021.10.win32_1.0.0.202111181127/tools/bin/../lib/gcc/arm-none-eabi/10.3.1/../../../../arm-none-eabi/lib/thumb/v7e-m+fp/hard\libc_nano.a
LOAD c:/st/stm32cubeide_1.10.1/stm32cubeide/plugins/com.st.stm32cube.ide.mcu.externaltools.gnu-tools-for-stm32.10.3-2021.10.win32_1.0.0.202111181127/tools/bin/../lib/gcc/arm-none-eabi/10.3.1/../../../../arm-none-eabi/lib/thumb/v7e-m+fp/hard\libnosys.a
END GROUP
START GROUP
LOAD c:/st/stm32cubeide_1.10.1/stm32cubeide/plugins/com.st.stm32cube.ide.mcu.externaltools.gnu-tools-for-stm32.10.3-2021.10.win32_1.0.0.202111181127/tools/bin/../lib/gcc/arm-none-eabi/10.3.1/thumb/v7e-m+fp/hard\libgcc.a
LOAD c:/st/stm32cubeide_1.10.1/stm32cubeide/plugins/com.st.stm32cube.ide.mcu.externaltools.gnu-tools-for-stm32.10.3-2021.10.win32_1.0.0.202111181127/tools/bin/../lib/gcc/arm-none-eabi/10.3.1/../../../../arm-none-eabi/lib/thumb/v7e-m+fp/hard\libc_nano.a
LOAD c:/st/stm32cubeide_1.10.1/stm32cubeide/plugins/com.st.stm32cube.ide.mcu.externaltools.gnu-tools-for-stm32.10.3-2021.10.win32_1.0.0.202111181127/tools/bin/../lib/gcc/arm-none-eabi/10.3.1/../../../../arm-none-eabi/lib/thumb/v7e-m+fp/hard\libnosys.a
END GROUP
LOAD c:/st/stm32cubeide_1.10.1/stm32cubeide/plugins/com.st.stm32cube.ide.mcu.externaltools.gnu-tools-for-stm32.10.3-2021.10.win32_1.0.0.202111181127/tools/bin/../lib/gcc/arm-none-eabi/10.3.1/thumb/v7e-m+fp/hard/crtend.o
LOAD c:/st/stm32cubeide_1.10.1/stm32cubeide/plugins/com.st.stm32cube.ide.mcu.externaltools.gnu-tools-for-stm32.10.3-2021.10.win32_1.0.0.202111181127/tools/bin/../lib/gcc/arm-none-eabi/10.3.1/thumb/v7e-m+fp/hard/crtn.o
                0x0000000020050000                _estack = (ORIGIN (RAM) + LENGTH (RAM))
                0x0000000000000200                _Min_Heap_Size = 0x200
                0x0000000000000400                _Min_Stack_Size = 0x400

.isr_vector     0x0000000008000000      0x1ac
                0x0000000008000000                . = ALIGN (0x4)
 *(.isr_vector)
 .isr_vector    0x0000000008000000      0x1ac ./Startup/startup_stm32l496zgtx.o
                0x0000000008000000                g_pfnVectors
                0x00000000080001ac                . = ALIGN (0x4)

.text           0x00000000080001b0     0x1a28
                0x00000000080001b0                . = ALIGN (0x4)
 *(.text)
 .text          0x00000000080001b0       0x40 c:/st/stm32cubeide_1.10.1/stm32cubeide/plugins/com.st.stm32cube.ide.mcu.externaltools.gnu-tools-for-stm32.10.3-2021.10.win32_1.0.0.202111181127/tools/bin/../lib/gcc/arm-none-eabi/10.3.1/thumb/v7e-m+fp/hard/crtbegin.o
 .text          0x00000000080001f0       0xa0 c:/st/stm32cubeide_1.10.1/stm32cubeide/plugins/com.st.stm32cube.ide.mcu.externaltools.gnu-tools-for-stm32.10.3-2021.10.win32_1.0.0.202111181127/tools/bin/../lib/gcc/arm-none-eabi/10.3.1/../../../../arm-none-eabi/lib/thumb/v7e-m+fp/hard\libc_nano.a(lib_a-memchr.o)
                0x00000000080001f0                memchr
 *(.text*)
 .text.bootloader_default_mode
                0x0000000008000290       0x38 ./Src/bootjump.o
                0x0000000008000290                bootloader_default_mode
 .text.bootloader_jump_to_user_app1
                0x00000000080002c8       0x38 ./Src/bootjump.o
                0x00000000080002c8                bootloader_jump_to_user_app1
 .text.bootloader_jump_to_user_app2
                0x0000000008000300       0x38 ./Src/bootjump.o
                0x0000000008000300                bootloader_jump_to_user_app2
 .text.BSP_FLASH_Lock
                0x0000000008000338       0x20 ./Src/flash.o
                0x0000000008000338                BSP_FLASH_Lock
 .text.BSP_FLASH_UnLock
                0x0000000008000358       0x3c ./Src/flash.o
                0x0000000008000358                BSP_FLASH_UnLock
 .text.BSP_FLASH_BankPageErase
                0x0000000008000394      0x108 ./Src/flash.o
                0x0000000008000394                BSP_FLASH_BankPageErase
 .text.BSP_FLASH_EraseRoutine
                0x000000000800049c       0x44 ./Src/flash.o
                0x000000000800049c                BSP_FLASH_EraseRoutine
 .text.FLASH_FlushCaches
                0x00000000080004e0       0x94 ./Src/flash.o
                0x00000000080004e0                FLASH_FlushCaches
 .text.DoubleWordWriteInit
                0x0000000008000574       0x2c ./Src/flash.o
                0x0000000008000574                DoubleWordWriteInit
 .text.BSP_FlashProgram
                0x00000000080005a0       0x6c ./Src/flash.o
                0x00000000080005a0                BSP_FlashProgram
 .text.__NVIC_EnableIRQ
                0x000000000800060c       0x3c ./Src/main.o
 .text.__NVIC_SetPriority
                0x0000000008000648       0x54 ./Src/main.o
 .text.delay_ms
                0x000000000800069c       0x22 ./Src/main.o
                0x000000000800069c                delay_ms
 *fill*         0x00000000080006be        0x2 
 .text.app1_green_led_blink
                0x00000000080006c0       0x3c ./Src/main.o
                0x00000000080006c0                app1_green_led_blink
 .text.app2_red_led_blink
                0x00000000080006fc       0x3c ./Src/main.o
                0x00000000080006fc                app2_red_led_blink
 .text.RCCInitForUSART
                0x0000000008000738       0x98 ./Src/main.o
                0x0000000008000738                RCCInitForUSART
 .text.GPIOInitForUSART
                0x00000000080007d0      0x108 ./Src/main.o
                0x00000000080007d0                GPIOInitForUSART
 .text.BSP_USART_Config
                0x00000000080008d8       0x74 ./Src/main.o
                0x00000000080008d8                BSP_USART_Config
 .text.USART_WriteChar
                0x000000000800094c       0x30 ./Src/main.o
                0x000000000800094c                USART_WriteChar
 .text.USART_WriteText
                0x000000000800097c       0x3a ./Src/main.o
                0x000000000800097c                USART_WriteText
 *fill*         0x00000000080009b6        0x2 
 .text.USART3_SendChar
                0x00000000080009b8       0x30 ./Src/main.o
                0x00000000080009b8                USART3_SendChar
 .text.USART3_SendTxt
                0x00000000080009e8       0x2c ./Src/main.o
                0x00000000080009e8                USART3_SendTxt
 .text.printMessages
                0x0000000008000a14       0x30 ./Src/main.o
                0x0000000008000a14                printMessages
 .text.USART3_IRQHandler
                0x0000000008000a44       0xa8 ./Src/main.o
                0x0000000008000a44                USART3_IRQHandler
 .text.UploadModeEnable
                0x0000000008000aec      0x14c ./Src/main.o
                0x0000000008000aec                UploadModeEnable
 .text.SelectionTerminalScreen
                0x0000000008000c38      0x2e8 ./Src/main.o
                0x0000000008000c38                SelectionTerminalScreen
 .text.WriteToAddressApp1
                0x0000000008000f20       0x68 ./Src/main.o
                0x0000000008000f20                WriteToAddressApp1
 .text.WriteToAddressApp2
                0x0000000008000f88       0x68 ./Src/main.o
                0x0000000008000f88                WriteToAddressApp2
 .text.DoubleWordWriteFlashCalculator
                0x0000000008000ff0      0x178 ./Src/main.o
                0x0000000008000ff0                DoubleWordWriteFlashCalculator
 .text.main     0x0000000008001168       0x44 ./Src/main.o
                0x0000000008001168                main
 .text._sbrk    0x00000000080011ac       0x6c ./Src/sysmem.o
                0x00000000080011ac                _sbrk
 .text.SystemInit
                0x0000000008001218       0x24 ./Src/system_stm32l4xx.o
                0x0000000008001218                SystemInit
 .text.Reset_Handler
                0x000000000800123c       0x50 ./Startup/startup_stm32l496zgtx.o
                0x000000000800123c                Reset_Handler
 .text.Default_Handler
                0x000000000800128c        0x2 ./Startup/startup_stm32l496zgtx.o
                0x000000000800128c                EXTI2_IRQHandler
                0x000000000800128c                TIM8_TRG_COM_IRQHandler
                0x000000000800128c                TIM8_CC_IRQHandler
                0x000000000800128c                DebugMon_Handler
                0x000000000800128c                DMA1_CH4_IRQHandler
                0x000000000800128c                TIM1_CC_IRQHandler
                0x000000000800128c                TSC_IRQHandler
                0x000000000800128c                HardFault_Handler
                0x000000000800128c                SysTick_Handler
                0x000000000800128c                TAMP_STAMP_IRQHandler
                0x000000000800128c                PendSV_Handler
                0x000000000800128c                NMI_Handler
                0x000000000800128c                CAN2_RX1_IRQHandler
                0x000000000800128c                EXTI3_IRQHandler
                0x000000000800128c                LPTIM2_IRQHandler
                0x000000000800128c                DFSDM1_FLT1_IRQHandler
                0x000000000800128c                I2C3_ER_IRQHandler
                0x000000000800128c                DFSDM1_FLT2_IRQHandler
                0x000000000800128c                TIM6_DACUNDER_IRQHandler
                0x000000000800128c                EXTI0_IRQHandler
                0x000000000800128c                I2C2_EV_IRQHandler
                0x000000000800128c                DMA2_CH1_IRQHandler
                0x000000000800128c                CAN1_RX0_IRQHandler
                0x000000000800128c                FPU_IRQHandler
                0x000000000800128c                TIM1_UP_TIM16_IRQHandler
                0x000000000800128c                DMA2_CH7_IRQHandler
                0x000000000800128c                UsageFault_Handler
                0x000000000800128c                CAN2_SCE_IRQHandler
                0x000000000800128c                ADC1_2_IRQHandler
                0x000000000800128c                SPI1_IRQHandler
                0x000000000800128c                DMA1_CH7_IRQHandler
                0x000000000800128c                DCMI_IRQHandler
                0x000000000800128c                CAN2_RX0_IRQHandler
                0x000000000800128c                TIM8_UP_IRQHandler
                0x000000000800128c                RTC_ALARM_IRQHandler
                0x000000000800128c                SAI2_IRQHandler
                0x000000000800128c                DFSDM1_FLT3_IRQHandler
                0x000000000800128c                DMA1_CH6_IRQHandler
                0x000000000800128c                CAN1_RX1_IRQHandler
                0x000000000800128c                LCD_IRQHandler
                0x000000000800128c                UART5_IRQHandler
                0x000000000800128c                ADC3_IRQHandler
                0x000000000800128c                TIM4_IRQHandler
                0x000000000800128c                QUADSPI_IRQHandler
                0x000000000800128c                I2C1_EV_IRQHandler
                0x000000000800128c                DMA2_CH5_IRQHandler
                0x000000000800128c                UART4_IRQHandler
                0x000000000800128c                DMA1_CH3_IRQHandler
                0x000000000800128c                TIM3_IRQHandler
                0x000000000800128c                RCC_IRQHandler
                0x000000000800128c                Default_Handler
                0x000000000800128c                EXTI15_10_IRQHandler
                0x000000000800128c                TIM7_IRQHandler
                0x000000000800128c                SDMMC1_IRQHandler
                0x000000000800128c                CAN2_TX_IRQHandler
                0x000000000800128c                TIM5_IRQHandler
                0x000000000800128c                I2C3_EV_IRQHandler
                0x000000000800128c                EXTI9_5_IRQHandler
                0x000000000800128c                DMA1_CH2_IRQHandler
                0x000000000800128c                RTC_WKUP_IRQHandler
                0x000000000800128c                RNG_HASH_IRQHandler
                0x000000000800128c                PVD_PVM_IRQHandler
                0x000000000800128c                SPI2_IRQHandler
                0x000000000800128c                DMA1_CH1_IRQHandler
                0x000000000800128c                MemManage_Handler
                0x000000000800128c                CAN1_TX_IRQHandler
                0x000000000800128c                SVC_Handler
                0x000000000800128c                CRS_IRQHandler
                0x000000000800128c                EXTI4_IRQHandler
                0x000000000800128c                TIM1_TRG_COM_TIM17_IRQHandler
                0x000000000800128c                COMP_IRQHandler
                0x000000000800128c                WWDG_IRQHandler
                0x000000000800128c                I2C4_EV_IRQHandler
                0x000000000800128c                LPUART1_IRQHandler
                0x000000000800128c                TIM2_IRQHandler
                0x000000000800128c                DMA2D_IRQHandler
                0x000000000800128c                EXTI1_IRQHandler
                0x000000000800128c                AES_IRQHandler
                0x000000000800128c                USART2_IRQHandler
                0x000000000800128c                DFSDM1_FLT0_IRQHandler
                0x000000000800128c                I2C2_ER_IRQHandler
                0x000000000800128c                TIM8_BRK_IRQHandler
                0x000000000800128c                CAN1_SCE_IRQHandler
                0x000000000800128c                FLASH_IRQHandler
                0x000000000800128c                BusFault_Handler
                0x000000000800128c                USART1_IRQHandler
                0x000000000800128c                OTG_FS_IRQHandler
                0x000000000800128c                SPI3_IRQHandler
                0x000000000800128c                DMA2_CH6_IRQHandler
                0x000000000800128c                DMA2_CH3_IRQHandler
                0x000000000800128c                DMA2_CH2_IRQHandler
                0x000000000800128c                I2C1_ER_IRQHandler
                0x000000000800128c                FMC_IRQHandler
                0x000000000800128c                DMA1_CH5_IRQHandler
                0x000000000800128c                DMA2_CH4_IRQHandler
                0x000000000800128c                SWPMI1_IRQHandler
                0x000000000800128c                LPTIM1_IRQHandler
                0x000000000800128c                I2C4_ER_IRQHandler
                0x000000000800128c                SAI1_IRQHandler
                0x000000000800128c                TIM1_BRK_TIM15_IRQHandler
 *fill*         0x000000000800128e        0x2 
 .text.__errno  0x0000000008001290        0xc c:/st/stm32cubeide_1.10.1/stm32cubeide/plugins/com.st.stm32cube.ide.mcu.externaltools.gnu-tools-for-stm32.10.3-2021.10.win32_1.0.0.202111181127/tools/bin/../lib/gcc/arm-none-eabi/10.3.1/../../../../arm-none-eabi/lib/thumb/v7e-m+fp/hard\libc_nano.a(lib_a-errno.o)
                0x0000000008001290                __errno
 .text.__libc_init_array
                0x000000000800129c       0x48 c:/st/stm32cubeide_1.10.1/stm32cubeide/plugins/com.st.stm32cube.ide.mcu.externaltools.gnu-tools-for-stm32.10.3-2021.10.win32_1.0.0.202111181127/tools/bin/../lib/gcc/arm-none-eabi/10.3.1/../../../../arm-none-eabi/lib/thumb/v7e-m+fp/hard\libc_nano.a(lib_a-init.o)
                0x000000000800129c                __libc_init_array
 .text._vsprintf_r
                0x00000000080012e4       0x2c c:/st/stm32cubeide_1.10.1/stm32cubeide/plugins/com.st.stm32cube.ide.mcu.externaltools.gnu-tools-for-stm32.10.3-2021.10.win32_1.0.0.202111181127/tools/bin/../lib/gcc/arm-none-eabi/10.3.1/../../../../arm-none-eabi/lib/thumb/v7e-m+fp/hard\libc_nano.a(lib_a-vsprintf.o)
                0x00000000080012e4                _vsprintf_r
                0x00000000080012e4                _vsiprintf_r
 .text.vsprintf
                0x0000000008001310       0x14 c:/st/stm32cubeide_1.10.1/stm32cubeide/plugins/com.st.stm32cube.ide.mcu.externaltools.gnu-tools-for-stm32.10.3-2021.10.win32_1.0.0.202111181127/tools/bin/../lib/gcc/arm-none-eabi/10.3.1/../../../../arm-none-eabi/lib/thumb/v7e-m+fp/hard\libc_nano.a(lib_a-vsprintf.o)
                0x0000000008001310                vsiprintf
                0x0000000008001310                vsprintf
 .text.__ssputs_r
                0x0000000008001324       0xb6 c:/st/stm32cubeide_1.10.1/stm32cubeide/plugins/com.st.stm32cube.ide.mcu.externaltools.gnu-tools-for-stm32.10.3-2021.10.win32_1.0.0.202111181127/tools/bin/../lib/gcc/arm-none-eabi/10.3.1/../../../../arm-none-eabi/lib/thumb/v7e-m+fp/hard\libc_nano.a(lib_a-nano-svfprintf.o)
                0x0000000008001324                __ssputs_r
 *fill*         0x00000000080013da        0x2 
 .text._svfprintf_r
                0x00000000080013dc      0x200 c:/st/stm32cubeide_1.10.1/stm32cubeide/plugins/com.st.stm32cube.ide.mcu.externaltools.gnu-tools-for-stm32.10.3-2021.10.win32_1.0.0.202111181127/tools/bin/../lib/gcc/arm-none-eabi/10.3.1/../../../../arm-none-eabi/lib/thumb/v7e-m+fp/hard\libc_nano.a(lib_a-nano-svfprintf.o)
                0x00000000080013dc                _svfiprintf_r
                0x00000000080013dc                _svfprintf_r
 .text._printf_common
                0x00000000080015dc       0xda c:/st/stm32cubeide_1.10.1/stm32cubeide/plugins/com.st.stm32cube.ide.mcu.externaltools.gnu-tools-for-stm32.10.3-2021.10.win32_1.0.0.202111181127/tools/bin/../lib/gcc/arm-none-eabi/10.3.1/../../../../arm-none-eabi/lib/thumb/v7e-m+fp/hard\libc_nano.a(lib_a-nano-vfprintf_i.o)
                0x00000000080015dc                _printf_common
 *fill*         0x00000000080016b6        0x2 
 .text._printf_i
                0x00000000080016b8      0x24c c:/st/stm32cubeide_1.10.1/stm32cubeide/plugins/com.st.stm32cube.ide.mcu.externaltools.gnu-tools-for-stm32.10.3-2021.10.win32_1.0.0.202111181127/tools/bin/../lib/gcc/arm-none-eabi/10.3.1/../../../../arm-none-eabi/lib/thumb/v7e-m+fp/hard\libc_nano.a(lib_a-nano-vfprintf_i.o)
                0x00000000080016b8                _printf_i
 .text.memcpy   0x0000000008001904       0x1c c:/st/stm32cubeide_1.10.1/stm32cubeide/plugins/com.st.stm32cube.ide.mcu.externaltools.gnu-tools-for-stm32.10.3-2021.10.win32_1.0.0.202111181127/tools/bin/../lib/gcc/arm-none-eabi/10.3.1/../../../../arm-none-eabi/lib/thumb/v7e-m+fp/hard\libc_nano.a(lib_a-memcpy-stub.o)
                0x0000000008001904                memcpy
 .text.memmove  0x0000000008001920       0x34 c:/st/stm32cubeide_1.10.1/stm32cubeide/plugins/com.st.stm32cube.ide.mcu.externaltools.gnu-tools-for-stm32.10.3-2021.10.win32_1.0.0.202111181127/tools/bin/../lib/gcc/arm-none-eabi/10.3.1/../../../../arm-none-eabi/lib/thumb/v7e-m+fp/hard\libc_nano.a(lib_a-memmove.o)
                0x0000000008001920                memmove
 .text._free_r  0x0000000008001954       0x98 c:/st/stm32cubeide_1.10.1/stm32cubeide/plugins/com.st.stm32cube.ide.mcu.externaltools.gnu-tools-for-stm32.10.3-2021.10.win32_1.0.0.202111181127/tools/bin/../lib/gcc/arm-none-eabi/10.3.1/../../../../arm-none-eabi/lib/thumb/v7e-m+fp/hard\libc_nano.a(lib_a-nano-freer.o)
                0x0000000008001954                _free_r
 .text.sbrk_aligned
                0x00000000080019ec       0x40 c:/st/stm32cubeide_1.10.1/stm32cubeide/plugins/com.st.stm32cube.ide.mcu.externaltools.gnu-tools-for-stm32.10.3-2021.10.win32_1.0.0.202111181127/tools/bin/../lib/gcc/arm-none-eabi/10.3.1/../../../../arm-none-eabi/lib/thumb/v7e-m+fp/hard\libc_nano.a(lib_a-nano-mallocr.o)
 .text._malloc_r
                0x0000000008001a2c       0xe8 c:/st/stm32cubeide_1.10.1/stm32cubeide/plugins/com.st.stm32cube.ide.mcu.externaltools.gnu-tools-for-stm32.10.3-2021.10.win32_1.0.0.202111181127/tools/bin/../lib/gcc/arm-none-eabi/10.3.1/../../../../arm-none-eabi/lib/thumb/v7e-m+fp/hard\libc_nano.a(lib_a-nano-mallocr.o)
                0x0000000008001a2c                _malloc_r
 .text._realloc_r
                0x0000000008001b14       0x5e c:/st/stm32cubeide_1.10.1/stm32cubeide/plugins/com.st.stm32cube.ide.mcu.externaltools.gnu-tools-for-stm32.10.3-2021.10.win32_1.0.0.202111181127/tools/bin/../lib/gcc/arm-none-eabi/10.3.1/../../../../arm-none-eabi/lib/thumb/v7e-m+fp/hard\libc_nano.a(lib_a-nano-reallocr.o)
                0x0000000008001b14                _realloc_r
 *fill*         0x0000000008001b72        0x2 
 .text._sbrk_r  0x0000000008001b74       0x20 c:/st/stm32cubeide_1.10.1/stm32cubeide/plugins/com.st.stm32cube.ide.mcu.externaltools.gnu-tools-for-stm32.10.3-2021.10.win32_1.0.0.202111181127/tools/bin/../lib/gcc/arm-none-eabi/10.3.1/../../../../arm-none-eabi/lib/thumb/v7e-m+fp/hard\libc_nano.a(lib_a-sbrkr.o)
                0x0000000008001b74                _sbrk_r
 .text.__malloc_lock
                0x0000000008001b94        0xc c:/st/stm32cubeide_1.10.1/stm32cubeide/plugins/com.st.stm32cube.ide.mcu.externaltools.gnu-tools-for-stm32.10.3-2021.10.win32_1.0.0.202111181127/tools/bin/../lib/gcc/arm-none-eabi/10.3.1/../../../../arm-none-eabi/lib/thumb/v7e-m+fp/hard\libc_nano.a(lib_a-mlock.o)
                0x0000000008001b94                __malloc_lock
 .text.__malloc_unlock
                0x0000000008001ba0        0xc c:/st/stm32cubeide_1.10.1/stm32cubeide/plugins/com.st.stm32cube.ide.mcu.externaltools.gnu-tools-for-stm32.10.3-2021.10.win32_1.0.0.202111181127/tools/bin/../lib/gcc/arm-none-eabi/10.3.1/../../../../arm-none-eabi/lib/thumb/v7e-m+fp/hard\libc_nano.a(lib_a-mlock.o)
                0x0000000008001ba0                __malloc_unlock
 .text._malloc_usable_size_r
                0x0000000008001bac       0x10 c:/st/stm32cubeide_1.10.1/stm32cubeide/plugins/com.st.stm32cube.ide.mcu.externaltools.gnu-tools-for-stm32.10.3-2021.10.win32_1.0.0.202111181127/tools/bin/../lib/gcc/arm-none-eabi/10.3.1/../../../../arm-none-eabi/lib/thumb/v7e-m+fp/hard\libc_nano.a(lib_a-nano-msizer.o)
                0x0000000008001bac                _malloc_usable_size_r
 .text.__retarget_lock_acquire_recursive
                0x0000000008001bbc        0x2 c:/st/stm32cubeide_1.10.1/stm32cubeide/plugins/com.st.stm32cube.ide.mcu.externaltools.gnu-tools-for-stm32.10.3-2021.10.win32_1.0.0.202111181127/tools/bin/../lib/gcc/arm-none-eabi/10.3.1/../../../../arm-none-eabi/lib/thumb/v7e-m+fp/hard\libc_nano.a(lib_a-lock.o)
                0x0000000008001bbc                __retarget_lock_acquire_recursive
 .text.__retarget_lock_release_recursive
                0x0000000008001bbe        0x2 c:/st/stm32cubeide_1.10.1/stm32cubeide/plugins/com.st.stm32cube.ide.mcu.externaltools.gnu-tools-for-stm32.10.3-2021.10.win32_1.0.0.202111181127/tools/bin/../lib/gcc/arm-none-eabi/10.3.1/../../../../arm-none-eabi/lib/thumb/v7e-m+fp/hard\libc_nano.a(lib_a-lock.o)
                0x0000000008001bbe                __retarget_lock_release_recursive
 *(.glue_7)
 .glue_7        0x0000000008001bc0        0x0 linker stubs
 *(.glue_7t)
 .glue_7t       0x0000000008001bc0        0x0 linker stubs
 *(.eh_frame)
 .eh_frame      0x0000000008001bc0        0x0 c:/st/stm32cubeide_1.10.1/stm32cubeide/plugins/com.st.stm32cube.ide.mcu.externaltools.gnu-tools-for-stm32.10.3-2021.10.win32_1.0.0.202111181127/tools/bin/../lib/gcc/arm-none-eabi/10.3.1/thumb/v7e-m+fp/hard/crtbegin.o
 *(.init)
 .init          0x0000000008001bc0        0x4 c:/st/stm32cubeide_1.10.1/stm32cubeide/plugins/com.st.stm32cube.ide.mcu.externaltools.gnu-tools-for-stm32.10.3-2021.10.win32_1.0.0.202111181127/tools/bin/../lib/gcc/arm-none-eabi/10.3.1/thumb/v7e-m+fp/hard/crti.o
                0x0000000008001bc0                _init
 .init          0x0000000008001bc4        0x8 c:/st/stm32cubeide_1.10.1/stm32cubeide/plugins/com.st.stm32cube.ide.mcu.externaltools.gnu-tools-for-stm32.10.3-2021.10.win32_1.0.0.202111181127/tools/bin/../lib/gcc/arm-none-eabi/10.3.1/thumb/v7e-m+fp/hard/crtn.o
 *(.fini)
 .fini          0x0000000008001bcc        0x4 c:/st/stm32cubeide_1.10.1/stm32cubeide/plugins/com.st.stm32cube.ide.mcu.externaltools.gnu-tools-for-stm32.10.3-2021.10.win32_1.0.0.202111181127/tools/bin/../lib/gcc/arm-none-eabi/10.3.1/thumb/v7e-m+fp/hard/crti.o
                0x0000000008001bcc                _fini
 .fini          0x0000000008001bd0        0x8 c:/st/stm32cubeide_1.10.1/stm32cubeide/plugins/com.st.stm32cube.ide.mcu.externaltools.gnu-tools-for-stm32.10.3-2021.10.win32_1.0.0.202111181127/tools/bin/../lib/gcc/arm-none-eabi/10.3.1/thumb/v7e-m+fp/hard/crtn.o
                0x0000000008001bd8                . = ALIGN (0x4)
                0x0000000008001bd8                _etext = .

.vfp11_veneer   0x0000000008001bd8        0x0
 .vfp11_veneer  0x0000000008001bd8        0x0 linker stubs

.v4_bx          0x0000000008001bd8        0x0
 .v4_bx         0x0000000008001bd8        0x0 linker stubs

.iplt           0x0000000008001bd8        0x0
 .iplt          0x0000000008001bd8        0x0 c:/st/stm32cubeide_1.10.1/stm32cubeide/plugins/com.st.stm32cube.ide.mcu.externaltools.gnu-tools-for-stm32.10.3-2021.10.win32_1.0.0.202111181127/tools/bin/../lib/gcc/arm-none-eabi/10.3.1/thumb/v7e-m+fp/hard/crtbegin.o

.rodata         0x0000000008001bd8      0x7ac
                0x0000000008001bd8                . = ALIGN (0x4)
 *(.rodata)
 .rodata        0x0000000008001bd8       0x31 ./Src/bootjump.o
 *fill*         0x0000000008001c09        0x3 
 .rodata        0x0000000008001c0c      0x743 ./Src/main.o
 *(.rodata*)
 .rodata._svfprintf_r.str1.1
                0x000000000800234f       0x11 c:/st/stm32cubeide_1.10.1/stm32cubeide/plugins/com.st.stm32cube.ide.mcu.externaltools.gnu-tools-for-stm32.10.3-2021.10.win32_1.0.0.202111181127/tools/bin/../lib/gcc/arm-none-eabi/10.3.1/../../../../arm-none-eabi/lib/thumb/v7e-m+fp/hard\libc_nano.a(lib_a-nano-svfprintf.o)
 .rodata._printf_i.str1.1
                0x0000000008002360       0x22 c:/st/stm32cubeide_1.10.1/stm32cubeide/plugins/com.st.stm32cube.ide.mcu.externaltools.gnu-tools-for-stm32.10.3-2021.10.win32_1.0.0.202111181127/tools/bin/../lib/gcc/arm-none-eabi/10.3.1/../../../../arm-none-eabi/lib/thumb/v7e-m+fp/hard\libc_nano.a(lib_a-nano-vfprintf_i.o)
                0x0000000008002384                . = ALIGN (0x4)
 *fill*         0x0000000008002382        0x2 

.rel.dyn        0x0000000008002384        0x0
 .rel.iplt      0x0000000008002384        0x0 c:/st/stm32cubeide_1.10.1/stm32cubeide/plugins/com.st.stm32cube.ide.mcu.externaltools.gnu-tools-for-stm32.10.3-2021.10.win32_1.0.0.202111181127/tools/bin/../lib/gcc/arm-none-eabi/10.3.1/thumb/v7e-m+fp/hard/crtbegin.o

.ARM.extab      0x0000000008002384        0x0
                0x0000000008002384                . = ALIGN (0x4)
 *(.ARM.extab* .gnu.linkonce.armextab.*)
                0x0000000008002384                . = ALIGN (0x4)

.ARM            0x0000000008002384        0x0
                0x0000000008002384                . = ALIGN (0x4)
                0x0000000008002384                __exidx_start = .
 *(.ARM.exidx*)
                0x0000000008002384                __exidx_end = .
                0x0000000008002384                . = ALIGN (0x4)

.preinit_array  0x0000000008002384        0x0
                0x0000000008002384                . = ALIGN (0x4)
                0x0000000008002384                PROVIDE (__preinit_array_start = .)
 *(.preinit_array*)
                0x0000000008002384                PROVIDE (__preinit_array_end = .)
                0x0000000008002384                . = ALIGN (0x4)

.init_array     0x0000000008002384        0x4
                0x0000000008002384                . = ALIGN (0x4)
                0x0000000008002384                PROVIDE (__init_array_start = .)
 *(SORT_BY_NAME(.init_array.*))
 *(.init_array*)
 .init_array    0x0000000008002384        0x4 c:/st/stm32cubeide_1.10.1/stm32cubeide/plugins/com.st.stm32cube.ide.mcu.externaltools.gnu-tools-for-stm32.10.3-2021.10.win32_1.0.0.202111181127/tools/bin/../lib/gcc/arm-none-eabi/10.3.1/thumb/v7e-m+fp/hard/crtbegin.o
                0x0000000008002388                PROVIDE (__init_array_end = .)
                0x0000000008002388                . = ALIGN (0x4)

.fini_array     0x0000000008002388        0x4
                0x0000000008002388                . = ALIGN (0x4)
                [!provide]                        PROVIDE (__fini_array_start = .)
 *(SORT_BY_NAME(.fini_array.*))
 *(.fini_array*)
 .fini_array    0x0000000008002388        0x4 c:/st/stm32cubeide_1.10.1/stm32cubeide/plugins/com.st.stm32cube.ide.mcu.externaltools.gnu-tools-for-stm32.10.3-2021.10.win32_1.0.0.202111181127/tools/bin/../lib/gcc/arm-none-eabi/10.3.1/thumb/v7e-m+fp/hard/crtbegin.o
                [!provide]                        PROVIDE (__fini_array_end = .)
                0x000000000800238c                . = ALIGN (0x4)
                0x000000000800238c                _sidata = LOADADDR (.data)

.data           0x0000000020000000       0x6c load address 0x000000000800238c
                0x0000000020000000                . = ALIGN (0x4)
                0x0000000020000000                _sdata = .
 *(.data)
 *(.data*)
 .data.app1_address
                0x0000000020000000        0x4 ./Src/main.o
                0x0000000020000000                app1_address
 .data.app2_address
                0x0000000020000004        0x4 ./Src/main.o
                0x0000000020000004                app2_address
 .data._impure_ptr
                0x0000000020000008        0x4 c:/st/stm32cubeide_1.10.1/stm32cubeide/plugins/com.st.stm32cube.ide.mcu.externaltools.gnu-tools-for-stm32.10.3-2021.10.win32_1.0.0.202111181127/tools/bin/../lib/gcc/arm-none-eabi/10.3.1/../../../../arm-none-eabi/lib/thumb/v7e-m+fp/hard\libc_nano.a(lib_a-impure.o)
                0x0000000020000008                _impure_ptr
 .data.impure_data
                0x000000002000000c       0x60 c:/st/stm32cubeide_1.10.1/stm32cubeide/plugins/com.st.stm32cube.ide.mcu.externaltools.gnu-tools-for-stm32.10.3-2021.10.win32_1.0.0.202111181127/tools/bin/../lib/gcc/arm-none-eabi/10.3.1/../../../../arm-none-eabi/lib/thumb/v7e-m+fp/hard\libc_nano.a(lib_a-impure.o)
 *(.RamFunc)
 *(.RamFunc*)
                0x000000002000006c                . = ALIGN (0x4)
                0x000000002000006c                _edata = .
                0x00000000080023f8                _sisram2 = LOADADDR (.sram2)

.igot.plt       0x000000002000006c        0x0 load address 0x00000000080023f8
 .igot.plt      0x000000002000006c        0x0 c:/st/stm32cubeide_1.10.1/stm32cubeide/plugins/com.st.stm32cube.ide.mcu.externaltools.gnu-tools-for-stm32.10.3-2021.10.win32_1.0.0.202111181127/tools/bin/../lib/gcc/arm-none-eabi/10.3.1/thumb/v7e-m+fp/hard/crtbegin.o

.sram2          0x0000000010000000        0x0 load address 0x00000000080023f8
                0x0000000010000000                . = ALIGN (0x4)
                0x0000000010000000                _ssram2 = .
 *(.sram2)
 *(.sram2*)
                0x0000000010000000                . = ALIGN (0x4)
                0x0000000010000000                _esram2 = .
                0x0000000010000000                . = ALIGN (0x4)

.bss            0x000000002000006c     0xe070
                0x000000002000006c                _sbss = .
                0x000000002000006c                __bss_start__ = _sbss
 *(.bss)
 .bss           0x000000002000006c       0x1c c:/st/stm32cubeide_1.10.1/stm32cubeide/plugins/com.st.stm32cube.ide.mcu.externaltools.gnu-tools-for-stm32.10.3-2021.10.win32_1.0.0.202111181127/tools/bin/../lib/gcc/arm-none-eabi/10.3.1/thumb/v7e-m+fp/hard/crtbegin.o
 *(.bss*)
 .bss.pFlash    0x0000000020000088       0x1c ./Src/flash.o
                0x0000000020000088                pFlash
 .bss.ReceivedDataArr
                0x00000000200000a4        0x4 ./Src/main.o
                0x00000000200000a4                ReceivedDataArr
 .bss.UploadProgramByteCtr
                0x00000000200000a8        0x4 ./Src/main.o
                0x00000000200000a8                UploadProgramByteCtr
 .bss.UartInterruptCtr
                0x00000000200000ac        0x4 ./Src/main.o
                0x00000000200000ac                UartInterruptCtr
 .bss.FlashProgramCtr
                0x00000000200000b0        0x4 ./Src/main.o
                0x00000000200000b0                FlashProgramCtr
 .bss.TempDataArr
                0x00000000200000b4     0xe000 ./Src/main.o
                0x00000000200000b4                TempDataArr
 .bss.FlashCtr  0x000000002000e0b4        0x4 ./Src/main.o
                0x000000002000e0b4                FlashCtr
 .bss.RamRow    0x000000002000e0b8        0x4 ./Src/main.o
                0x000000002000e0b8                RamRow
 .bss.tick      0x000000002000e0bc        0x4 ./Src/main.o
                0x000000002000e0bc                tick
 .bss.UploadModeTrigger
                0x000000002000e0c0        0x1 ./Src/main.o
                0x000000002000e0c0                UploadModeTrigger
 .bss.TempReceiveData
                0x000000002000e0c1        0x1 ./Src/main.o
                0x000000002000e0c1                TempReceiveData
 .bss.ReceivedData
                0x000000002000e0c2        0x1 ./Src/main.o
                0x000000002000e0c2                ReceivedData
 .bss.RamColumn
                0x000000002000e0c3        0x1 ./Src/main.o
                0x000000002000e0c3                RamColumn
 .bss.BitCtr    0x000000002000e0c4        0x4 ./Src/main.o
                0x000000002000e0c4                BitCtr
 .bss.__sbrk_heap_end
                0x000000002000e0c8        0x4 ./Src/sysmem.o
 .bss.__malloc_free_list
                0x000000002000e0cc        0x4 c:/st/stm32cubeide_1.10.1/stm32cubeide/plugins/com.st.stm32cube.ide.mcu.externaltools.gnu-tools-for-stm32.10.3-2021.10.win32_1.0.0.202111181127/tools/bin/../lib/gcc/arm-none-eabi/10.3.1/../../../../arm-none-eabi/lib/thumb/v7e-m+fp/hard\libc_nano.a(lib_a-nano-mallocr.o)
                0x000000002000e0cc                __malloc_free_list
 .bss.__malloc_sbrk_start
                0x000000002000e0d0        0x4 c:/st/stm32cubeide_1.10.1/stm32cubeide/plugins/com.st.stm32cube.ide.mcu.externaltools.gnu-tools-for-stm32.10.3-2021.10.win32_1.0.0.202111181127/tools/bin/../lib/gcc/arm-none-eabi/10.3.1/../../../../arm-none-eabi/lib/thumb/v7e-m+fp/hard\libc_nano.a(lib_a-nano-mallocr.o)
                0x000000002000e0d0                __malloc_sbrk_start
 .bss.errno     0x000000002000e0d4        0x4 c:/st/stm32cubeide_1.10.1/stm32cubeide/plugins/com.st.stm32cube.ide.mcu.externaltools.gnu-tools-for-stm32.10.3-2021.10.win32_1.0.0.202111181127/tools/bin/../lib/gcc/arm-none-eabi/10.3.1/../../../../arm-none-eabi/lib/thumb/v7e-m+fp/hard\libc_nano.a(lib_a-reent.o)
                0x000000002000e0d4                errno
 .bss.__lock___malloc_recursive_mutex
                0x000000002000e0d8        0x1 c:/st/stm32cubeide_1.10.1/stm32cubeide/plugins/com.st.stm32cube.ide.mcu.externaltools.gnu-tools-for-stm32.10.3-2021.10.win32_1.0.0.202111181127/tools/bin/../lib/gcc/arm-none-eabi/10.3.1/../../../../arm-none-eabi/lib/thumb/v7e-m+fp/hard\libc_nano.a(lib_a-lock.o)
                0x000000002000e0d8                __lock___malloc_recursive_mutex
 *(COMMON)
                0x000000002000e0dc                . = ALIGN (0x4)
 *fill*         0x000000002000e0d9        0x3 
                0x000000002000e0dc                _ebss = .
                0x000000002000e0dc                __bss_end__ = _ebss

._user_heap_stack
                0x000000002000e0dc      0x604
                0x000000002000e0e0                . = ALIGN (0x8)
 *fill*         0x000000002000e0dc        0x4 
                [!provide]                        PROVIDE (end = .)
                0x000000002000e0e0                PROVIDE (_end = .)
                0x000000002000e2e0                . = (. + _Min_Heap_Size)
 *fill*         0x000000002000e0e0      0x200 
                0x000000002000e6e0                . = (. + _Min_Stack_Size)
 *fill*         0x000000002000e2e0      0x400 
                0x000000002000e6e0                . = ALIGN (0x8)

/DISCARD/
 libc.a(*)
 libm.a(*)
 libgcc.a(*)

.ARM.attributes
                0x0000000000000000       0x30
 *(.ARM.attributes)
 .ARM.attributes
                0x0000000000000000       0x1e c:/st/stm32cubeide_1.10.1/stm32cubeide/plugins/com.st.stm32cube.ide.mcu.externaltools.gnu-tools-for-stm32.10.3-2021.10.win32_1.0.0.202111181127/tools/bin/../lib/gcc/arm-none-eabi/10.3.1/thumb/v7e-m+fp/hard/crti.o
 .ARM.attributes
                0x000000000000001e       0x34 c:/st/stm32cubeide_1.10.1/stm32cubeide/plugins/com.st.stm32cube.ide.mcu.externaltools.gnu-tools-for-stm32.10.3-2021.10.win32_1.0.0.202111181127/tools/bin/../lib/gcc/arm-none-eabi/10.3.1/thumb/v7e-m+fp/hard/crtbegin.o
 .ARM.attributes
                0x0000000000000052       0x34 ./Src/bootjump.o
 .ARM.attributes
                0x0000000000000086       0x34 ./Src/flash.o
 .ARM.attributes
                0x00000000000000ba       0x34 ./Src/main.o
 .ARM.attributes
                0x00000000000000ee       0x34 ./Src/sysmem.o
 .ARM.attributes
                0x0000000000000122       0x34 ./Src/system_stm32l4xx.o
 .ARM.attributes
                0x0000000000000156       0x21 ./Startup/startup_stm32l496zgtx.o
 .ARM.attributes
                0x0000000000000177       0x34 c:/st/stm32cubeide_1.10.1/stm32cubeide/plugins/com.st.stm32cube.ide.mcu.externaltools.gnu-tools-for-stm32.10.3-2021.10.win32_1.0.0.202111181127/tools/bin/../lib/gcc/arm-none-eabi/10.3.1/../../../../arm-none-eabi/lib/thumb/v7e-m+fp/hard\libc_nano.a(lib_a-errno.o)
 .ARM.attributes
                0x00000000000001ab       0x34 c:/st/stm32cubeide_1.10.1/stm32cubeide/plugins/com.st.stm32cube.ide.mcu.externaltools.gnu-tools-for-stm32.10.3-2021.10.win32_1.0.0.202111181127/tools/bin/../lib/gcc/arm-none-eabi/10.3.1/../../../../arm-none-eabi/lib/thumb/v7e-m+fp/hard\libc_nano.a(lib_a-impure.o)
 .ARM.attributes
                0x00000000000001df       0x34 c:/st/stm32cubeide_1.10.1/stm32cubeide/plugins/com.st.stm32cube.ide.mcu.externaltools.gnu-tools-for-stm32.10.3-2021.10.win32_1.0.0.202111181127/tools/bin/../lib/gcc/arm-none-eabi/10.3.1/../../../../arm-none-eabi/lib/thumb/v7e-m+fp/hard\libc_nano.a(lib_a-init.o)
 .ARM.attributes
                0x0000000000000213       0x34 c:/st/stm32cubeide_1.10.1/stm32cubeide/plugins/com.st.stm32cube.ide.mcu.externaltools.gnu-tools-for-stm32.10.3-2021.10.win32_1.0.0.202111181127/tools/bin/../lib/gcc/arm-none-eabi/10.3.1/../../../../arm-none-eabi/lib/thumb/v7e-m+fp/hard\libc_nano.a(lib_a-vsprintf.o)
 .ARM.attributes
                0x0000000000000247       0x34 c:/st/stm32cubeide_1.10.1/stm32cubeide/plugins/com.st.stm32cube.ide.mcu.externaltools.gnu-tools-for-stm32.10.3-2021.10.win32_1.0.0.202111181127/tools/bin/../lib/gcc/arm-none-eabi/10.3.1/../../../../arm-none-eabi/lib/thumb/v7e-m+fp/hard\libc_nano.a(lib_a-nano-svfprintf.o)
 .ARM.attributes
                0x000000000000027b       0x34 c:/st/stm32cubeide_1.10.1/stm32cubeide/plugins/com.st.stm32cube.ide.mcu.externaltools.gnu-tools-for-stm32.10.3-2021.10.win32_1.0.0.202111181127/tools/bin/../lib/gcc/arm-none-eabi/10.3.1/../../../../arm-none-eabi/lib/thumb/v7e-m+fp/hard\libc_nano.a(lib_a-nano-vfprintf_i.o)
 .ARM.attributes
                0x00000000000002af       0x1c c:/st/stm32cubeide_1.10.1/stm32cubeide/plugins/com.st.stm32cube.ide.mcu.externaltools.gnu-tools-for-stm32.10.3-2021.10.win32_1.0.0.202111181127/tools/bin/../lib/gcc/arm-none-eabi/10.3.1/../../../../arm-none-eabi/lib/thumb/v7e-m+fp/hard\libc_nano.a(lib_a-memchr.o)
 .ARM.attributes
                0x00000000000002cb       0x34 c:/st/stm32cubeide_1.10.1/stm32cubeide/plugins/com.st.stm32cube.ide.mcu.externaltools.gnu-tools-for-stm32.10.3-2021.10.win32_1.0.0.202111181127/tools/bin/../lib/gcc/arm-none-eabi/10.3.1/../../../../arm-none-eabi/lib/thumb/v7e-m+fp/hard\libc_nano.a(lib_a-memcpy-stub.o)
 .ARM.attributes
                0x00000000000002ff       0x34 c:/st/stm32cubeide_1.10.1/stm32cubeide/plugins/com.st.stm32cube.ide.mcu.externaltools.gnu-tools-for-stm32.10.3-2021.10.win32_1.0.0.202111181127/tools/bin/../lib/gcc/arm-none-eabi/10.3.1/../../../../arm-none-eabi/lib/thumb/v7e-m+fp/hard\libc_nano.a(lib_a-memmove.o)
 .ARM.attributes
                0x0000000000000333       0x34 c:/st/stm32cubeide_1.10.1/stm32cubeide/plugins/com.st.stm32cube.ide.mcu.externaltools.gnu-tools-for-stm32.10.3-2021.10.win32_1.0.0.202111181127/tools/bin/../lib/gcc/arm-none-eabi/10.3.1/../../../../arm-none-eabi/lib/thumb/v7e-m+fp/hard\libc_nano.a(lib_a-nano-freer.o)
 .ARM.attributes
                0x0000000000000367       0x34 c:/st/stm32cubeide_1.10.1/stm32cubeide/plugins/com.st.stm32cube.ide.mcu.externaltools.gnu-tools-for-stm32.10.3-2021.10.win32_1.0.0.202111181127/tools/bin/../lib/gcc/arm-none-eabi/10.3.1/../../../../arm-none-eabi/lib/thumb/v7e-m+fp/hard\libc_nano.a(lib_a-nano-mallocr.o)
 .ARM.attributes
                0x000000000000039b       0x34 c:/st/stm32cubeide_1.10.1/stm32cubeide/plugins/com.st.stm32cube.ide.mcu.externaltools.gnu-tools-for-stm32.10.3-2021.10.win32_1.0.0.202111181127/tools/bin/../lib/gcc/arm-none-eabi/10.3.1/../../../../arm-none-eabi/lib/thumb/v7e-m+fp/hard\libc_nano.a(lib_a-nano-reallocr.o)
 .ARM.attributes
                0x00000000000003cf       0x34 c:/st/stm32cubeide_1.10.1/stm32cubeide/plugins/com.st.stm32cube.ide.mcu.externaltools.gnu-tools-for-stm32.10.3-2021.10.win32_1.0.0.202111181127/tools/bin/../lib/gcc/arm-none-eabi/10.3.1/../../../../arm-none-eabi/lib/thumb/v7e-m+fp/hard\libc_nano.a(lib_a-sbrkr.o)
 .ARM.attributes
                0x0000000000000403       0x34 c:/st/stm32cubeide_1.10.1/stm32cubeide/plugins/com.st.stm32cube.ide.mcu.externaltools.gnu-tools-for-stm32.10.3-2021.10.win32_1.0.0.202111181127/tools/bin/../lib/gcc/arm-none-eabi/10.3.1/../../../../arm-none-eabi/lib/thumb/v7e-m+fp/hard\libc_nano.a(lib_a-mlock.o)
 .ARM.attributes
                0x0000000000000437       0x34 c:/st/stm32cubeide_1.10.1/stm32cubeide/plugins/com.st.stm32cube.ide.mcu.externaltools.gnu-tools-for-stm32.10.3-2021.10.win32_1.0.0.202111181127/tools/bin/../lib/gcc/arm-none-eabi/10.3.1/../../../../arm-none-eabi/lib/thumb/v7e-m+fp/hard\libc_nano.a(lib_a-nano-msizer.o)
 .ARM.attributes
                0x000000000000046b       0x34 c:/st/stm32cubeide_1.10.1/stm32cubeide/plugins/com.st.stm32cube.ide.mcu.externaltools.gnu-tools-for-stm32.10.3-2021.10.win32_1.0.0.202111181127/tools/bin/../lib/gcc/arm-none-eabi/10.3.1/../../../../arm-none-eabi/lib/thumb/v7e-m+fp/hard\libc_nano.a(lib_a-reent.o)
 .ARM.attributes
                0x000000000000049f       0x34 c:/st/stm32cubeide_1.10.1/stm32cubeide/plugins/com.st.stm32cube.ide.mcu.externaltools.gnu-tools-for-stm32.10.3-2021.10.win32_1.0.0.202111181127/tools/bin/../lib/gcc/arm-none-eabi/10.3.1/../../../../arm-none-eabi/lib/thumb/v7e-m+fp/hard\libc_nano.a(lib_a-lock.o)
 .ARM.attributes
                0x00000000000004d3       0x1e c:/st/stm32cubeide_1.10.1/stm32cubeide/plugins/com.st.stm32cube.ide.mcu.externaltools.gnu-tools-for-stm32.10.3-2021.10.win32_1.0.0.202111181127/tools/bin/../lib/gcc/arm-none-eabi/10.3.1/thumb/v7e-m+fp/hard/crtn.o
OUTPUT(Bootloader.elf elf32-littlearm)
LOAD linker stubs
LOAD c:/st/stm32cubeide_1.10.1/stm32cubeide/plugins/com.st.stm32cube.ide.mcu.externaltools.gnu-tools-for-stm32.10.3-2021.10.win32_1.0.0.202111181127/tools/bin/../lib/gcc/arm-none-eabi/10.3.1/../../../../arm-none-eabi/lib/thumb/v7e-m+fp/hard\libc.a
LOAD c:/st/stm32cubeide_1.10.1/stm32cubeide/plugins/com.st.stm32cube.ide.mcu.externaltools.gnu-tools-for-stm32.10.3-2021.10.win32_1.0.0.202111181127/tools/bin/../lib/gcc/arm-none-eabi/10.3.1/../../../../arm-none-eabi/lib/thumb/v7e-m+fp/hard\libm.a
LOAD c:/st/stm32cubeide_1.10.1/stm32cubeide/plugins/com.st.stm32cube.ide.mcu.externaltools.gnu-tools-for-stm32.10.3-2021.10.win32_1.0.0.202111181127/tools/bin/../lib/gcc/arm-none-eabi/10.3.1/thumb/v7e-m+fp/hard\libgcc.a

.debug_info     0x0000000000000000     0x20ab
 .debug_info    0x0000000000000000      0x20f ./Src/bootjump.o
 .debug_info    0x000000000000020f      0x4cb ./Src/flash.o
 .debug_info    0x00000000000006da     0x1263 ./Src/main.o
 .debug_info    0x000000000000193d      0x171 ./Src/sysmem.o
 .debug_info    0x0000000000001aae      0x5db ./Src/system_stm32l4xx.o
 .debug_info    0x0000000000002089       0x22 ./Startup/startup_stm32l496zgtx.o

.debug_abbrev   0x0000000000000000      0x7d6
 .debug_abbrev  0x0000000000000000       0xfa ./Src/bootjump.o
 .debug_abbrev  0x00000000000000fa      0x1d9 ./Src/flash.o
 .debug_abbrev  0x00000000000002d3      0x320 ./Src/main.o
 .debug_abbrev  0x00000000000005f3       0xbb ./Src/sysmem.o
 .debug_abbrev  0x00000000000006ae      0x116 ./Src/system_stm32l4xx.o
 .debug_abbrev  0x00000000000007c4       0x12 ./Startup/startup_stm32l496zgtx.o

.debug_aranges  0x0000000000000000      0x1d8
 .debug_aranges
                0x0000000000000000       0x30 ./Src/bootjump.o
 .debug_aranges
                0x0000000000000030       0x68 ./Src/flash.o
 .debug_aranges
                0x0000000000000098       0xd0 ./Src/main.o
 .debug_aranges
                0x0000000000000168       0x20 ./Src/sysmem.o
 .debug_aranges
                0x0000000000000188       0x28 ./Src/system_stm32l4xx.o
 .debug_aranges
                0x00000000000001b0       0x28 ./Startup/startup_stm32l496zgtx.o

.debug_ranges   0x0000000000000000      0x180
 .debug_ranges  0x0000000000000000       0x20 ./Src/bootjump.o
 .debug_ranges  0x0000000000000020       0x58 ./Src/flash.o
 .debug_ranges  0x0000000000000078       0xc0 ./Src/main.o
 .debug_ranges  0x0000000000000138       0x10 ./Src/sysmem.o
 .debug_ranges  0x0000000000000148       0x18 ./Src/system_stm32l4xx.o
 .debug_ranges  0x0000000000000160       0x20 ./Startup/startup_stm32l496zgtx.o

.debug_macro    0x0000000000000000    0x1fd5f
 .debug_macro   0x0000000000000000      0x2af ./Src/bootjump.o
 .debug_macro   0x00000000000002af      0xa7e ./Src/bootjump.o
 .debug_macro   0x0000000000000d2d       0x2e ./Src/bootjump.o
 .debug_macro   0x0000000000000d5b       0x28 ./Src/bootjump.o
 .debug_macro   0x0000000000000d83       0x22 ./Src/bootjump.o
 .debug_macro   0x0000000000000da5       0x8e ./Src/bootjump.o
 .debug_macro   0x0000000000000e33       0x51 ./Src/bootjump.o
 .debug_macro   0x0000000000000e84      0x103 ./Src/bootjump.o
 .debug_macro   0x0000000000000f87       0x6a ./Src/bootjump.o
 .debug_macro   0x0000000000000ff1      0x1df ./Src/bootjump.o
 .debug_macro   0x00000000000011d0       0x1c ./Src/bootjump.o
 .debug_macro   0x00000000000011ec       0x22 ./Src/bootjump.o
 .debug_macro   0x000000000000120e       0xfb ./Src/bootjump.o
 .debug_macro   0x0000000000001309     0x1011 ./Src/bootjump.o
 .debug_macro   0x000000000000231a      0x11f ./Src/bootjump.o
 .debug_macro   0x0000000000002439    0x1c1e0 ./Src/bootjump.o
 .debug_macro   0x000000000001e619       0x6d ./Src/bootjump.o
 .debug_macro   0x000000000001e686       0x22 ./Src/bootjump.o
 .debug_macro   0x000000000001e6a8       0x1e ./Src/bootjump.o
 .debug_macro   0x000000000001e6c6       0x52 ./Src/bootjump.o
 .debug_macro   0x000000000001e718       0x3c ./Src/bootjump.o
 .debug_macro   0x000000000001e754       0x34 ./Src/bootjump.o
 .debug_macro   0x000000000001e788       0x16 ./Src/bootjump.o
 .debug_macro   0x000000000001e79e      0x10e ./Src/bootjump.o
 .debug_macro   0x000000000001e8ac       0x8d ./Src/bootjump.o
 .debug_macro   0x000000000001e939       0x16 ./Src/bootjump.o
 .debug_macro   0x000000000001e94f       0x43 ./Src/bootjump.o
 .debug_macro   0x000000000001e992       0x34 ./Src/bootjump.o
 .debug_macro   0x000000000001e9c6       0x10 ./Src/bootjump.o
 .debug_macro   0x000000000001e9d6       0x58 ./Src/bootjump.o
 .debug_macro   0x000000000001ea2e       0x71 ./Src/bootjump.o
 .debug_macro   0x000000000001ea9f       0x1c ./Src/bootjump.o
 .debug_macro   0x000000000001eabb      0x12a ./Src/bootjump.o
 .debug_macro   0x000000000001ebe5      0x341 ./Src/bootjump.o
 .debug_macro   0x000000000001ef26       0x16 ./Src/bootjump.o
 .debug_macro   0x000000000001ef3c       0x29 ./Src/bootjump.o
 .debug_macro   0x000000000001ef65       0x16 ./Src/bootjump.o
 .debug_macro   0x000000000001ef7b       0x35 ./Src/bootjump.o
 .debug_macro   0x000000000001efb0       0x20 ./Src/bootjump.o
 .debug_macro   0x000000000001efd0       0x58 ./Src/bootjump.o
 .debug_macro   0x000000000001f028       0x1c ./Src/bootjump.o
 .debug_macro   0x000000000001f044       0x10 ./Src/bootjump.o
 .debug_macro   0x000000000001f054       0x1c ./Src/bootjump.o
 .debug_macro   0x000000000001f070       0x52 ./Src/bootjump.o
 .debug_macro   0x000000000001f0c2       0x22 ./Src/bootjump.o
 .debug_macro   0x000000000001f0e4       0x10 ./Src/bootjump.o
 .debug_macro   0x000000000001f0f4       0x52 ./Src/bootjump.o
 .debug_macro   0x000000000001f146       0xd5 ./Src/bootjump.o
 .debug_macro   0x000000000001f21b       0x1c ./Src/bootjump.o
 .debug_macro   0x000000000001f237       0x3d ./Src/bootjump.o
 .debug_macro   0x000000000001f274       0x16 ./Src/bootjump.o
 .debug_macro   0x000000000001f28a      0x145 ./Src/bootjump.o
 .debug_macro   0x000000000001f3cf      0x2c7 ./Src/flash.o
 .debug_macro   0x000000000001f696      0x2af ./Src/main.o
 .debug_macro   0x000000000001f945       0xff ./Src/sysmem.o
 .debug_macro   0x000000000001fa44      0x23b ./Src/sysmem.o
 .debug_macro   0x000000000001fc7f       0xe0 ./Src/system_stm32l4xx.o

.debug_line     0x0000000000000000     0x26b7
 .debug_line    0x0000000000000000      0x6f0 ./Src/bootjump.o
 .debug_line    0x00000000000006f0      0x916 ./Src/flash.o
 .debug_line    0x0000000000001006      0xc8f ./Src/main.o
 .debug_line    0x0000000000001c95      0x4e5 ./Src/sysmem.o
 .debug_line    0x000000000000217a      0x4b9 ./Src/system_stm32l4xx.o
 .debug_line    0x0000000000002633       0x84 ./Startup/startup_stm32l496zgtx.o

.debug_str      0x0000000000000000    0xae53d
 .debug_str     0x0000000000000000    0xad0b6 ./Src/bootjump.o
                                      0xad304 (size before relaxing)
 .debug_str     0x00000000000ad0b6      0x562 ./Src/flash.o
                                      0xad760 (size before relaxing)
 .debug_str     0x00000000000ad618      0x94c ./Src/main.o
                                      0xadde6 (size before relaxing)
 .debug_str     0x00000000000adf64      0x4d5 ./Src/sysmem.o
                                       0x5db6 (size before relaxing)
 .debug_str     0x00000000000ae439       0xd3 ./Src/system_stm32l4xx.o
                                      0xa911b (size before relaxing)
 .debug_str     0x00000000000ae50c       0x31 ./Startup/startup_stm32l496zgtx.o
                                         0x75 (size before relaxing)

.comment        0x0000000000000000       0x50
 .comment       0x0000000000000000       0x50 ./Src/bootjump.o
                                         0x51 (size before relaxing)
 .comment       0x0000000000000050       0x51 ./Src/flash.o
 .comment       0x0000000000000050       0x51 ./Src/main.o
 .comment       0x0000000000000050       0x51 ./Src/sysmem.o
 .comment       0x0000000000000050       0x51 ./Src/system_stm32l4xx.o

.debug_frame    0x0000000000000000      0x9f4
 .debug_frame   0x0000000000000000       0x7c ./Src/bootjump.o
 .debug_frame   0x000000000000007c      0x188 ./Src/flash.o
 .debug_frame   0x0000000000000204      0x354 ./Src/main.o
 .debug_frame   0x0000000000000558       0x34 ./Src/sysmem.o
 .debug_frame   0x000000000000058c       0x58 ./Src/system_stm32l4xx.o
 .debug_frame   0x00000000000005e4       0x20 c:/st/stm32cubeide_1.10.1/stm32cubeide/plugins/com.st.stm32cube.ide.mcu.externaltools.gnu-tools-for-stm32.10.3-2021.10.win32_1.0.0.202111181127/tools/bin/../lib/gcc/arm-none-eabi/10.3.1/../../../../arm-none-eabi/lib/thumb/v7e-m+fp/hard\libc_nano.a(lib_a-errno.o)
 .debug_frame   0x0000000000000604       0x2c c:/st/stm32cubeide_1.10.1/stm32cubeide/plugins/com.st.stm32cube.ide.mcu.externaltools.gnu-tools-for-stm32.10.3-2021.10.win32_1.0.0.202111181127/tools/bin/../lib/gcc/arm-none-eabi/10.3.1/../../../../arm-none-eabi/lib/thumb/v7e-m+fp/hard\libc_nano.a(lib_a-init.o)
 .debug_frame   0x0000000000000630       0x3c c:/st/stm32cubeide_1.10.1/stm32cubeide/plugins/com.st.stm32cube.ide.mcu.externaltools.gnu-tools-for-stm32.10.3-2021.10.win32_1.0.0.202111181127/tools/bin/../lib/gcc/arm-none-eabi/10.3.1/../../../../arm-none-eabi/lib/thumb/v7e-m+fp/hard\libc_nano.a(lib_a-vsprintf.o)
 .debug_frame   0x000000000000066c       0x90 c:/st/stm32cubeide_1.10.1/stm32cubeide/plugins/com.st.stm32cube.ide.mcu.externaltools.gnu-tools-for-stm32.10.3-2021.10.win32_1.0.0.202111181127/tools/bin/../lib/gcc/arm-none-eabi/10.3.1/../../../../arm-none-eabi/lib/thumb/v7e-m+fp/hard\libc_nano.a(lib_a-nano-svfprintf.o)
 .debug_frame   0x00000000000006fc       0x60 c:/st/stm32cubeide_1.10.1/stm32cubeide/plugins/com.st.stm32cube.ide.mcu.externaltools.gnu-tools-for-stm32.10.3-2021.10.win32_1.0.0.202111181127/tools/bin/../lib/gcc/arm-none-eabi/10.3.1/../../../../arm-none-eabi/lib/thumb/v7e-m+fp/hard\libc_nano.a(lib_a-nano-vfprintf_i.o)
 .debug_frame   0x000000000000075c       0x28 c:/st/stm32cubeide_1.10.1/stm32cubeide/plugins/com.st.stm32cube.ide.mcu.externaltools.gnu-tools-for-stm32.10.3-2021.10.win32_1.0.0.202111181127/tools/bin/../lib/gcc/arm-none-eabi/10.3.1/../../../../arm-none-eabi/lib/thumb/v7e-m+fp/hard\libc_nano.a(lib_a-memcpy-stub.o)
 .debug_frame   0x0000000000000784       0x28 c:/st/stm32cubeide_1.10.1/stm32cubeide/plugins/com.st.stm32cube.ide.mcu.externaltools.gnu-tools-for-stm32.10.3-2021.10.win32_1.0.0.202111181127/tools/bin/../lib/gcc/arm-none-eabi/10.3.1/../../../../arm-none-eabi/lib/thumb/v7e-m+fp/hard\libc_nano.a(lib_a-memmove.o)
 .debug_frame   0x00000000000007ac       0x38 c:/st/stm32cubeide_1.10.1/stm32cubeide/plugins/com.st.stm32cube.ide.mcu.externaltools.gnu-tools-for-stm32.10.3-2021.10.win32_1.0.0.202111181127/tools/bin/../lib/gcc/arm-none-eabi/10.3.1/../../../../arm-none-eabi/lib/thumb/v7e-m+fp/hard\libc_nano.a(lib_a-nano-freer.o)
 .debug_frame   0x00000000000007e4       0x4c c:/st/stm32cubeide_1.10.1/stm32cubeide/plugins/com.st.stm32cube.ide.mcu.externaltools.gnu-tools-for-stm32.10.3-2021.10.win32_1.0.0.202111181127/tools/bin/../lib/gcc/arm-none-eabi/10.3.1/../../../../arm-none-eabi/lib/thumb/v7e-m+fp/hard\libc_nano.a(lib_a-nano-mallocr.o)
 .debug_frame   0x0000000000000830       0x3c c:/st/stm32cubeide_1.10.1/stm32cubeide/plugins/com.st.stm32cube.ide.mcu.externaltools.gnu-tools-for-stm32.10.3-2021.10.win32_1.0.0.202111181127/tools/bin/../lib/gcc/arm-none-eabi/10.3.1/../../../../arm-none-eabi/lib/thumb/v7e-m+fp/hard\libc_nano.a(lib_a-nano-reallocr.o)
 .debug_frame   0x000000000000086c       0x2c c:/st/stm32cubeide_1.10.1/stm32cubeide/plugins/com.st.stm32cube.ide.mcu.externaltools.gnu-tools-for-stm32.10.3-2021.10.win32_1.0.0.202111181127/tools/bin/../lib/gcc/arm-none-eabi/10.3.1/../../../../arm-none-eabi/lib/thumb/v7e-m+fp/hard\libc_nano.a(lib_a-sbrkr.o)
 .debug_frame   0x0000000000000898       0x30 c:/st/stm32cubeide_1.10.1/stm32cubeide/plugins/com.st.stm32cube.ide.mcu.externaltools.gnu-tools-for-stm32.10.3-2021.10.win32_1.0.0.202111181127/tools/bin/../lib/gcc/arm-none-eabi/10.3.1/../../../../arm-none-eabi/lib/thumb/v7e-m+fp/hard\libc_nano.a(lib_a-mlock.o)
 .debug_frame   0x00000000000008c8       0x20 c:/st/stm32cubeide_1.10.1/stm32cubeide/plugins/com.st.stm32cube.ide.mcu.externaltools.gnu-tools-for-stm32.10.3-2021.10.win32_1.0.0.202111181127/tools/bin/../lib/gcc/arm-none-eabi/10.3.1/../../../../arm-none-eabi/lib/thumb/v7e-m+fp/hard\libc_nano.a(lib_a-nano-msizer.o)
 .debug_frame   0x00000000000008e8       0x5c c:/st/stm32cubeide_1.10.1/stm32cubeide/plugins/com.st.stm32cube.ide.mcu.externaltools.gnu-tools-for-stm32.10.3-2021.10.win32_1.0.0.202111181127/tools/bin/../lib/gcc/arm-none-eabi/10.3.1/../../../../arm-none-eabi/lib/thumb/v7e-m+fp/hard\libc_nano.a(lib_a-reent.o)
 .debug_frame   0x0000000000000944       0xb0 c:/st/stm32cubeide_1.10.1/stm32cubeide/plugins/com.st.stm32cube.ide.mcu.externaltools.gnu-tools-for-stm32.10.3-2021.10.win32_1.0.0.202111181127/tools/bin/../lib/gcc/arm-none-eabi/10.3.1/../../../../arm-none-eabi/lib/thumb/v7e-m+fp/hard\libc_nano.a(lib_a-lock.o)
