Archive member included to satisfy reference by file (symbol)

c:/st/stm32cubeide_1.10.1/stm32cubeide/plugins/com.st.stm32cube.ide.mcu.externaltools.gnu-tools-for-stm32.10.3-2021.10.win32_1.0.0.202111181127/tools/bin/../lib/gcc/arm-none-eabi/10.3.1/../../../../arm-none-eabi/lib/thumb/v7e-m+fp/hard\libc_nano.a(lib_a-errno.o)
                              ./Src/syscalls.o (__errno)
c:/st/stm32cubeide_1.10.1/stm32cubeide/plugins/com.st.stm32cube.ide.mcu.externaltools.gnu-tools-for-stm32.10.3-2021.10.win32_1.0.0.202111181127/tools/bin/../lib/gcc/arm-none-eabi/10.3.1/../../../../arm-none-eabi/lib/thumb/v7e-m+fp/hard\libc_nano.a(lib_a-exit.o)
                              c:/st/stm32cubeide_1.10.1/stm32cubeide/plugins/com.st.stm32cube.ide.mcu.externaltools.gnu-tools-for-stm32.10.3-2021.10.win32_1.0.0.202111181127/tools/bin/../lib/gcc/arm-none-eabi/10.3.1/../../../../arm-none-eabi/lib/thumb/v7e-m+fp/hard/crt0.o (exit)
c:/st/stm32cubeide_1.10.1/stm32cubeide/plugins/com.st.stm32cube.ide.mcu.externaltools.gnu-tools-for-stm32.10.3-2021.10.win32_1.0.0.202111181127/tools/bin/../lib/gcc/arm-none-eabi/10.3.1/../../../../arm-none-eabi/lib/thumb/v7e-m+fp/hard\libc_nano.a(lib_a-impure.o)
                              c:/st/stm32cubeide_1.10.1/stm32cubeide/plugins/com.st.stm32cube.ide.mcu.externaltools.gnu-tools-for-stm32.10.3-2021.10.win32_1.0.0.202111181127/tools/bin/../lib/gcc/arm-none-eabi/10.3.1/../../../../arm-none-eabi/lib/thumb/v7e-m+fp/hard\libc_nano.a(lib_a-exit.o) (_global_impure_ptr)
c:/st/stm32cubeide_1.10.1/stm32cubeide/plugins/com.st.stm32cube.ide.mcu.externaltools.gnu-tools-for-stm32.10.3-2021.10.win32_1.0.0.202111181127/tools/bin/../lib/gcc/arm-none-eabi/10.3.1/../../../../arm-none-eabi/lib/thumb/v7e-m+fp/hard\libc_nano.a(lib_a-init.o)
                              c:/st/stm32cubeide_1.10.1/stm32cubeide/plugins/com.st.stm32cube.ide.mcu.externaltools.gnu-tools-for-stm32.10.3-2021.10.win32_1.0.0.202111181127/tools/bin/../lib/gcc/arm-none-eabi/10.3.1/../../../../arm-none-eabi/lib/thumb/v7e-m+fp/hard/crt0.o (__libc_init_array)
c:/st/stm32cubeide_1.10.1/stm32cubeide/plugins/com.st.stm32cube.ide.mcu.externaltools.gnu-tools-for-stm32.10.3-2021.10.win32_1.0.0.202111181127/tools/bin/../lib/gcc/arm-none-eabi/10.3.1/../../../../arm-none-eabi/lib/thumb/v7e-m+fp/hard\libc_nano.a(lib_a-memset.o)
                              c:/st/stm32cubeide_1.10.1/stm32cubeide/plugins/com.st.stm32cube.ide.mcu.externaltools.gnu-tools-for-stm32.10.3-2021.10.win32_1.0.0.202111181127/tools/bin/../lib/gcc/arm-none-eabi/10.3.1/../../../../arm-none-eabi/lib/thumb/v7e-m+fp/hard/crt0.o (memset)
c:/st/stm32cubeide_1.10.1/stm32cubeide/plugins/com.st.stm32cube.ide.mcu.externaltools.gnu-tools-for-stm32.10.3-2021.10.win32_1.0.0.202111181127/tools/bin/../lib/gcc/arm-none-eabi/10.3.1/../../../../arm-none-eabi/lib/thumb/v7e-m+fp/hard\libc_nano.a(lib_a-vsprintf.o)
                              ./Src/main.o (vsprintf)
c:/st/stm32cubeide_1.10.1/stm32cubeide/plugins/com.st.stm32cube.ide.mcu.externaltools.gnu-tools-for-stm32.10.3-2021.10.win32_1.0.0.202111181127/tools/bin/../lib/gcc/arm-none-eabi/10.3.1/../../../../arm-none-eabi/lib/thumb/v7e-m+fp/hard\libc_nano.a(lib_a-nano-svfprintf.o)
                              c:/st/stm32cubeide_1.10.1/stm32cubeide/plugins/com.st.stm32cube.ide.mcu.externaltools.gnu-tools-for-stm32.10.3-2021.10.win32_1.0.0.202111181127/tools/bin/../lib/gcc/arm-none-eabi/10.3.1/../../../../arm-none-eabi/lib/thumb/v7e-m+fp/hard\libc_nano.a(lib_a-vsprintf.o) (_svfprintf_r)
c:/st/stm32cubeide_1.10.1/stm32cubeide/plugins/com.st.stm32cube.ide.mcu.externaltools.gnu-tools-for-stm32.10.3-2021.10.win32_1.0.0.202111181127/tools/bin/../lib/gcc/arm-none-eabi/10.3.1/../../../../arm-none-eabi/lib/thumb/v7e-m+fp/hard\libc_nano.a(lib_a-nano-vfprintf_i.o)
                              c:/st/stm32cubeide_1.10.1/stm32cubeide/plugins/com.st.stm32cube.ide.mcu.externaltools.gnu-tools-for-stm32.10.3-2021.10.win32_1.0.0.202111181127/tools/bin/../lib/gcc/arm-none-eabi/10.3.1/../../../../arm-none-eabi/lib/thumb/v7e-m+fp/hard\libc_nano.a(lib_a-nano-svfprintf.o) (_printf_i)
c:/st/stm32cubeide_1.10.1/stm32cubeide/plugins/com.st.stm32cube.ide.mcu.externaltools.gnu-tools-for-stm32.10.3-2021.10.win32_1.0.0.202111181127/tools/bin/../lib/gcc/arm-none-eabi/10.3.1/../../../../arm-none-eabi/lib/thumb/v7e-m+fp/hard\libc_nano.a(lib_a-memchr.o)
                              c:/st/stm32cubeide_1.10.1/stm32cubeide/plugins/com.st.stm32cube.ide.mcu.externaltools.gnu-tools-for-stm32.10.3-2021.10.win32_1.0.0.202111181127/tools/bin/../lib/gcc/arm-none-eabi/10.3.1/../../../../arm-none-eabi/lib/thumb/v7e-m+fp/hard\libc_nano.a(lib_a-nano-svfprintf.o) (memchr)
c:/st/stm32cubeide_1.10.1/stm32cubeide/plugins/com.st.stm32cube.ide.mcu.externaltools.gnu-tools-for-stm32.10.3-2021.10.win32_1.0.0.202111181127/tools/bin/../lib/gcc/arm-none-eabi/10.3.1/../../../../arm-none-eabi/lib/thumb/v7e-m+fp/hard\libc_nano.a(lib_a-memcpy-stub.o)
[...]
Memory Configuration

Name             Origin             Length             Attributes
RAM              0x0000000020000000 0x0000000000050000 xrw
SRAM2            0x0000000010000000 0x0000000000010000 xrw
FLASH            0x0000000008040000 0x0000000000010000 xr
*default*        0x0000000000000000 0xffffffffffffffff

Linker script and memory map

LOAD c:/st/stm32cubeide_1.10.1/stm32cubeide/plugins/com.st.stm32cube.ide.mcu.externaltools.gnu-tools-for-stm32.10.3-2021.10.win32_1.0.0.202111181127/tools/bin/../lib/gcc/arm-none-eabi/10.3.1/thumb/v7e-m+fp/hard/crti.o
LOAD c:/st/stm32cubeide_1.10.1/stm32cubeide/plugins/com.st.stm32cube.ide.mcu.externaltools.gnu-tools-for-stm32.10.3-2021.10.win32_1.0.0.202111181127/tools/bin/../lib/gcc/arm-none-eabi/10.3.1/thumb/v7e-m+fp/hard/crtbegin.o
LOAD c:/st/stm32cubeide_1.10.1/stm32cubeide/plugins/com.st.stm32cube.ide.mcu.externaltools.gnu-tools-for-stm32.10.3-2021.10.win32_1.0.0.202111181127/tools/bin/../lib/gcc/arm-none-eabi/10.3.1/../../../../arm-none-eabi/lib/thumb/v7e-m+fp/hard/crt0.o
LOAD ./Src/main.o
LOAD ./Src/syscalls.o
LOAD ./Src/sysmem.o
LOAD ./Src/system_stm32l4xx.o
LOAD ./Startup/startup_stm32l496zgtx.o
START GROUP
LOAD c:/st/stm32cubeide_1.10.1/stm32cubeide/plugins/com.st.stm32cube.ide.mcu.externaltools.gnu-tools-for-stm32.10.3-2021.10.win32_1.0.0.202111181127/tools/bin/../lib/gcc/arm-none-eabi/10.3.1/../../../../arm-none-eabi/lib/thumb/v7e-m+fp/hard\libc_nano.a
LOAD c:/st/stm32cubeide_1.10.1/stm32cubeide/plugins/com.st.stm32cube.ide.mcu.externaltools.gnu-tools-for-stm32.10.3-2021.10.win32_1.0.0.202111181127/tools/bin/../lib/gcc/arm-none-eabi/10.3.1/../../../../arm-none-eabi/lib/thumb/v7e-m+fp/hard\libm.a
END GROUP
START GROUP
LOAD c:/st/stm32cubeide_1.10.1/stm32cubeide/plugins/com.st.stm32cube.ide.mcu.externaltools.gnu-tools-for-stm32.10.3-2021.10.win32_1.0.0.202111181127/tools/bin/../lib/gcc/arm-none-eabi/10.3.1/thumb/v7e-m+fp/hard\libgcc.a
LOAD c:/st/stm32cubeide_1.10.1/stm32cubeide/plugins/com.st.stm32cube.ide.mcu.externaltools.gnu-tools-for-stm32.10.3-2021.10.win32_1.0.0.202111181127/tools/bin/../lib/gcc/arm-none-eabi/10.3.1/../../../../arm-none-eabi/lib/thumb/v7e-m+fp/hard\libc_nano.a
END GROUP
START GROUP
LOAD c:/st/stm32cubeide_1.10.1/stm32cubeide/plugins/com.st.stm32cube.ide.mcu.externaltools.gnu-tools-for-stm32.10.3-2021.10.win32_1.0.0.202111181127/tools/bin/../lib/gcc/arm-none-eabi/10.3.1/thumb/v7e-m+fp/hard\libgcc.a
LOAD c:/st/stm32cubeide_1.10.1/stm32cubeide/plugins/com.st.stm32cube.ide.mcu.externaltools.gnu-tools-for-stm32.10.3-2021.10.win32_1.0.0.202111181127/tools/bin/../lib/gcc/arm-none-eabi/10.3.1/../../../../arm-none-eabi/lib/thumb/v7e-m+fp/hard\libc_nano.a
LOAD c:/st/stm32cubeide_1.10.1/stm32cubeide/plugins/com.st.stm32cube.ide.mcu.externaltools.gnu-tools-for-stm32.10.3-2021.10.win32_1.0.0.202111181127/tools/bin/../lib/gcc/arm-none-eabi/10.3.1/../../../../arm-none-eabi/lib/thumb/v7e-m+fp/hard\libnosys.a
END GROUP
START GROUP
LOAD c:/st/stm32cubeide_1.10.1/stm32cubeide/plugins/com.st.stm32cube.ide.mcu.externaltools.gnu-tools-for-stm32.10.3-2021.10.win32_1.0.0.202111181127/tools/bin/../lib/gcc/arm-none-eabi/10.3.1/thumb/v7e-m+fp/hard\libgcc.a
LOAD c:/st/stm32cubeide_1.10.1/stm32cubeide/plugins/com.st.stm32cube.ide.mcu.externaltools.gnu-tools-for-stm32.10.3-2021.10.win32_1.0.0.202111181127/tools/bin/../lib/gcc/arm-none-eabi/10.3.1/../../../../arm-none-eabi/lib/thumb/v7e-m+fp/hard\libc_nano.a
LOAD c:/st/stm32cubeide_1.10.1/stm32cubeide/plugins/com.st.stm32cube.ide.mcu.externaltools.gnu-tools-for-stm32.10.3-2021.10.win32_1.0.0.202111181127/tools/bin/../lib/gcc/arm-none-eabi/10.3.1/../../../../arm-none-eabi/lib/thumb/v7e-m+fp/hard\libnosys.a
END GROUP
LOAD c:/st/stm32cubeide_1.10.1/stm32cubeide/plugins/com.st.stm32cube.ide.mcu.externaltools.gnu-tools-for-stm32.10.3-2021.10.win32_1.0.0.202111181127/tools/bin/../lib/gcc/arm-none-eabi/10.3.1/thumb/v7e-m+fp/hard/crtend.o
LOAD c:/st/stm32cubeide_1.10.1/stm32cubeide/plugins/com.st.stm32cube.ide.mcu.externaltools.gnu-tools-for-stm32.10.3-2021.10.win32_1.0.0.202111181127/tools/bin/../lib/gcc/arm-none-eabi/10.3.1/thumb/v7e-m+fp/hard/crtn.o
                0x0000000020050000                _estack = (ORIGIN (RAM) + LENGTH (RAM))
                0x0000000000000200                _Min_Heap_Size = 0x200
                0x0000000000000400                _Min_Stack_Size = 0x400

.isr_vector     0x0000000008040000      0x1ac
                0x0000000008040000                . = ALIGN (0x4)
 *(.isr_vector)
 .isr_vector    0x0000000008040000      0x1ac ./Startup/startup_stm32l496zgtx.o
                0x0000000008040000                g_pfnVectors
                0x00000000080401ac                . = ALIGN (0x4)

.text           0x00000000080401ac      0x194
                0x00000000080401ac                . = ALIGN (0x4)
 *(.text)
 .text          0x00000000080401ac       0x40 c:/st/stm32cubeide_1.10.1/stm32cubeide/plugins/com.st.stm32cube.ide.mcu.externaltools.gnu-tools-for-stm32.10.3-2021.10.win32_1.0.0.202111181127/tools/bin/../lib/gcc/arm-none-eabi/10.3.1/thumb/v7e-m+fp/hard/crtbegin.o
 *(.text*)
 .text.delay_ms
                0x00000000080401ec       0x22 ./Src/main.o
                0x00000000080401ec                delay_ms
 *fill*         0x000000000804020e        0x2 
 .text.app1_green_led_blink
                0x0000000008040210       0x44 ./Src/main.o
                0x0000000008040210                app1_green_led_blink
 .text.main     0x0000000008040254        0xa ./Src/main.o
                0x0000000008040254                main
 *fill*         0x000000000804025e        0x2 
 .text.SystemInit
                0x0000000008040260       0x2c ./Src/system_stm32l4xx.o
                0x0000000008040260                SystemInit
 .text.Reset_Handler
                0x000000000804028c       0x50 ./Startup/startup_stm32l496zgtx.o
                0x000000000804028c                Reset_Handler
 .text.Default_Handler
                0x00000000080402dc        0x2 ./Startup/startup_stm32l496zgtx.o
                0x00000000080402dc                EXTI2_IRQHandler
                0x00000000080402dc                TIM8_TRG_COM_IRQHandler
                0x00000000080402dc                TIM8_CC_IRQHandler
                0x00000000080402dc                DebugMon_Handler
                0x00000000080402dc                DMA1_CH4_IRQHandler
                0x00000000080402dc                TIM1_CC_IRQHandler
                0x00000000080402dc                TSC_IRQHandler
                0x00000000080402dc                HardFault_Handler
                0x00000000080402dc                SysTick_Handler
                0x00000000080402dc                TAMP_STAMP_IRQHandler
                0x00000000080402dc                PendSV_Handler
                0x00000000080402dc                NMI_Handler
                0x00000000080402dc                CAN2_RX1_IRQHandler
                0x00000000080402dc                EXTI3_IRQHandler
                0x00000000080402dc                LPTIM2_IRQHandler
                0x00000000080402dc                DFSDM1_FLT1_IRQHandler
                0x00000000080402dc                I2C3_ER_IRQHandler
                0x00000000080402dc                DFSDM1_FLT2_IRQHandler
                0x00000000080402dc                TIM6_DACUNDER_IRQHandler
                0x00000000080402dc                EXTI0_IRQHandler
                0x00000000080402dc                I2C2_EV_IRQHandler
                0x00000000080402dc                DMA2_CH1_IRQHandler
                0x00000000080402dc                CAN1_RX0_IRQHandler
                0x00000000080402dc                FPU_IRQHandler
                0x00000000080402dc                TIM1_UP_TIM16_IRQHandler
                0x00000000080402dc                DMA2_CH7_IRQHandler
                0x00000000080402dc                UsageFault_Handler
                0x00000000080402dc                CAN2_SCE_IRQHandler
                0x00000000080402dc                ADC1_2_IRQHandler
                0x00000000080402dc                SPI1_IRQHandler
                0x00000000080402dc                DMA1_CH7_IRQHandler
                0x00000000080402dc                DCMI_IRQHandler
                0x00000000080402dc                CAN2_RX0_IRQHandler
                0x00000000080402dc                TIM8_UP_IRQHandler
                0x00000000080402dc                RTC_ALARM_IRQHandler
                0x00000000080402dc                SAI2_IRQHandler
                0x00000000080402dc                DFSDM1_FLT3_IRQHandler
                0x00000000080402dc                DMA1_CH6_IRQHandler
                0x00000000080402dc                USART3_IRQHandler
                0x00000000080402dc                CAN1_RX1_IRQHandler
                0x00000000080402dc                LCD_IRQHandler
                0x00000000080402dc                UART5_IRQHandler
                0x00000000080402dc                ADC3_IRQHandler
                0x00000000080402dc                TIM4_IRQHandler
                0x00000000080402dc                QUADSPI_IRQHandler
                0x00000000080402dc                I2C1_EV_IRQHandler
                0x00000000080402dc                DMA2_CH5_IRQHandler
                0x00000000080402dc                UART4_IRQHandler
                0x00000000080402dc                DMA1_CH3_IRQHandler
                0x00000000080402dc                TIM3_IRQHandler
                0x00000000080402dc                RCC_IRQHandler
                0x00000000080402dc                Default_Handler
                0x00000000080402dc                EXTI15_10_IRQHandler
                0x00000000080402dc                TIM7_IRQHandler
                0x00000000080402dc                SDMMC1_IRQHandler
                0x00000000080402dc                CAN2_TX_IRQHandler
                0x00000000080402dc                TIM5_IRQHandler
                0x00000000080402dc                I2C3_EV_IRQHandler
                0x00000000080402dc                EXTI9_5_IRQHandler
                0x00000000080402dc                DMA1_CH2_IRQHandler
                0x00000000080402dc                RTC_WKUP_IRQHandler
                0x00000000080402dc                RNG_HASH_IRQHandler
                0x00000000080402dc                PVD_PVM_IRQHandler
                0x00000000080402dc                SPI2_IRQHandler
                0x00000000080402dc                DMA1_CH1_IRQHandler
                0x00000000080402dc                MemManage_Handler
                0x00000000080402dc                CAN1_TX_IRQHandler
                0x00000000080402dc                SVC_Handler
                0x00000000080402dc                CRS_IRQHandler
                0x00000000080402dc                EXTI4_IRQHandler
                0x00000000080402dc                TIM1_TRG_COM_TIM17_IRQHandler
                0x00000000080402dc                COMP_IRQHandler
                0x00000000080402dc                WWDG_IRQHandler
                0x00000000080402dc                I2C4_EV_IRQHandler
                0x00000000080402dc                LPUART1_IRQHandler
                0x00000000080402dc                TIM2_IRQHandler
                0x00000000080402dc                DMA2D_IRQHandler
                0x00000000080402dc                EXTI1_IRQHandler
                0x00000000080402dc                AES_IRQHandler
                0x00000000080402dc                USART2_IRQHandler
                0x00000000080402dc                DFSDM1_FLT0_IRQHandler
                0x00000000080402dc                I2C2_ER_IRQHandler
                0x00000000080402dc                TIM8_BRK_IRQHandler
                0x00000000080402dc                CAN1_SCE_IRQHandler
                0x00000000080402dc                FLASH_IRQHandler
                0x00000000080402dc                BusFault_Handler
                0x00000000080402dc                USART1_IRQHandler
                0x00000000080402dc                OTG_FS_IRQHandler
                0x00000000080402dc                SPI3_IRQHandler
                0x00000000080402dc                DMA2_CH6_IRQHandler
                0x00000000080402dc                DMA2_CH3_IRQHandler
                0x00000000080402dc                DMA2_CH2_IRQHandler
                0x00000000080402dc                I2C1_ER_IRQHandler
                0x00000000080402dc                FMC_IRQHandler
                0x00000000080402dc                DMA1_CH5_IRQHandler
                0x00000000080402dc                DMA2_CH4_IRQHandler
                0x00000000080402dc                SWPMI1_IRQHandler
                0x00000000080402dc                LPTIM1_IRQHandler
                0x00000000080402dc                I2C4_ER_IRQHandler
                0x00000000080402dc                SAI1_IRQHandler
                0x00000000080402dc                TIM1_BRK_TIM15_IRQHandler
 *fill*         0x00000000080402de        0x2 
 .text.__libc_init_array
                0x00000000080402e0       0x48 c:/st/stm32cubeide_1.10.1/stm32cubeide/plugins/com.st.stm32cube.ide.mcu.externaltools.gnu-tools-for-stm32.10.3-2021.10.win32_1.0.0.202111181127/tools/bin/../lib/gcc/arm-none-eabi/10.3.1/../../../../arm-none-eabi/lib/thumb/v7e-m+fp/hard\libc_nano.a(lib_a-init.o)
                0x00000000080402e0                __libc_init_array
 *(.glue_7)
 .glue_7        0x0000000008040328        0x0 linker stubs
 *(.glue_7t)
 .glue_7t       0x0000000008040328        0x0 linker stubs
 *(.eh_frame)
 .eh_frame      0x0000000008040328        0x0 c:/st/stm32cubeide_1.10.1/stm32cubeide/plugins/com.st.stm32cube.ide.mcu.externaltools.gnu-tools-for-stm32.10.3-2021.10.win32_1.0.0.202111181127/tools/bin/../lib/gcc/arm-none-eabi/10.3.1/thumb/v7e-m+fp/hard/crtbegin.o
 *(.init)
 .init          0x0000000008040328        0x4 c:/st/stm32cubeide_1.10.1/stm32cubeide/plugins/com.st.stm32cube.ide.mcu.externaltools.gnu-tools-for-stm32.10.3-2021.10.win32_1.0.0.202111181127/tools/bin/../lib/gcc/arm-none-eabi/10.3.1/thumb/v7e-m+fp/hard/crti.o
                0x0000000008040328                _init
 .init          0x000000000804032c        0x8 c:/st/stm32cubeide_1.10.1/stm32cubeide/plugins/com.st.stm32cube.ide.mcu.externaltools.gnu-tools-for-stm32.10.3-2021.10.win32_1.0.0.202111181127/tools/bin/../lib/gcc/arm-none-eabi/10.3.1/thumb/v7e-m+fp/hard/crtn.o
 *(.fini)
 .fini          0x0000000008040334        0x4 c:/st/stm32cubeide_1.10.1/stm32cubeide/plugins/com.st.stm32cube.ide.mcu.externaltools.gnu-tools-for-stm32.10.3-2021.10.win32_1.0.0.202111181127/tools/bin/../lib/gcc/arm-none-eabi/10.3.1/thumb/v7e-m+fp/hard/crti.o
                0x0000000008040334                _fini
 .fini          0x0000000008040338        0x8 c:/st/stm32cubeide_1.10.1/stm32cubeide/plugins/com.st.stm32cube.ide.mcu.externaltools.gnu-tools-for-stm32.10.3-2021.10.win32_1.0.0.202111181127/tools/bin/../lib/gcc/arm-none-eabi/10.3.1/thumb/v7e-m+fp/hard/crtn.o
                0x0000000008040340                . = ALIGN (0x4)
                0x0000000008040340                _etext = .

.vfp11_veneer   0x0000000008040340        0x0
 .vfp11_veneer  0x0000000008040340        0x0 linker stubs

.v4_bx          0x0000000008040340        0x0
 .v4_bx         0x0000000008040340        0x0 linker stubs

.iplt           0x0000000008040340        0x0
 .iplt          0x0000000008040340        0x0 c:/st/stm32cubeide_1.10.1/stm32cubeide/plugins/com.st.stm32cube.ide.mcu.externaltools.gnu-tools-for-stm32.10.3-2021.10.win32_1.0.0.202111181127/tools/bin/../lib/gcc/arm-none-eabi/10.3.1/thumb/v7e-m+fp/hard/crtbegin.o

.rel.dyn        0x0000000008040340        0x0
 .rel.iplt      0x0000000008040340        0x0 c:/st/stm32cubeide_1.10.1/stm32cubeide/plugins/com.st.stm32cube.ide.mcu.externaltools.gnu-tools-for-stm32.10.3-2021.10.win32_1.0.0.202111181127/tools/bin/../lib/gcc/arm-none-eabi/10.3.1/thumb/v7e-m+fp/hard/crtbegin.o

.rodata         0x0000000008040340        0x0
                0x0000000008040340                . = ALIGN (0x4)
 *(.rodata)
 *(.rodata*)
                0x0000000008040340                . = ALIGN (0x4)

.ARM.extab      0x0000000008040340        0x0
                0x0000000008040340                . = ALIGN (0x4)
 *(.ARM.extab* .gnu.linkonce.armextab.*)
                0x0000000008040340                . = ALIGN (0x4)

.ARM            0x0000000008040340        0x0
                0x0000000008040340                . = ALIGN (0x4)
                0x0000000008040340                __exidx_start = .
 *(.ARM.exidx*)
                0x0000000008040340                __exidx_end = .
                0x0000000008040340                . = ALIGN (0x4)

.preinit_array  0x0000000008040340        0x0
                0x0000000008040340                . = ALIGN (0x4)
                0x0000000008040340                PROVIDE (__preinit_array_start = .)
 *(.preinit_array*)
                0x0000000008040340                PROVIDE (__preinit_array_end = .)
                0x0000000008040340                . = ALIGN (0x4)

.init_array     0x0000000008040340        0x4
                0x0000000008040340                . = ALIGN (0x4)
                0x0000000008040340                PROVIDE (__init_array_start = .)
 *(SORT_BY_NAME(.init_array.*))
 *(.init_array*)
 .init_array    0x0000000008040340        0x4 c:/st/stm32cubeide_1.10.1/stm32cubeide/plugins/com.st.stm32cube.ide.mcu.externaltools.gnu-tools-for-stm32.10.3-2021.10.win32_1.0.0.202111181127/tools/bin/../lib/gcc/arm-none-eabi/10.3.1/thumb/v7e-m+fp/hard/crtbegin.o
                0x0000000008040344                PROVIDE (__init_array_end = .)
                0x0000000008040344                . = ALIGN (0x4)

.fini_array     0x0000000008040344        0x4
                0x0000000008040344                . = ALIGN (0x4)
                [!provide]                        PROVIDE (__fini_array_start = .)
 *(SORT_BY_NAME(.fini_array.*))
 *(.fini_array*)
 .fini_array    0x0000000008040344        0x4 c:/st/stm32cubeide_1.10.1/stm32cubeide/plugins/com.st.stm32cube.ide.mcu.externaltools.gnu-tools-for-stm32.10.3-2021.10.win32_1.0.0.202111181127/tools/bin/../lib/gcc/arm-none-eabi/10.3.1/thumb/v7e-m+fp/hard/crtbegin.o
                [!provide]                        PROVIDE (__fini_array_end = .)
                0x0000000008040348                . = ALIGN (0x4)
                0x0000000008040348                _sidata = LOADADDR (.data)

.data           0x0000000020000000        0x0 load address 0x0000000008040348
                0x0000000020000000                . = ALIGN (0x4)
                0x0000000020000000                _sdata = .
 *(.data)
 *(.data*)
 *(.RamFunc)
 *(.RamFunc*)
                0x0000000020000000                . = ALIGN (0x4)
                0x0000000020000000                _edata = .
                0x0000000008040348                _sisram2 = LOADADDR (.sram2)

.igot.plt       0x0000000020000000        0x0 load address 0x0000000008040348
 .igot.plt      0x0000000020000000        0x0 c:/st/stm32cubeide_1.10.1/stm32cubeide/plugins/com.st.stm32cube.ide.mcu.externaltools.gnu-tools-for-stm32.10.3-2021.10.win32_1.0.0.202111181127/tools/bin/../lib/gcc/arm-none-eabi/10.3.1/thumb/v7e-m+fp/hard/crtbegin.o

.sram2          0x0000000010000000        0x0 load address 0x0000000008040348
                0x0000000010000000                . = ALIGN (0x4)
                0x0000000010000000                _ssram2 = .
 *(.sram2)
 *(.sram2*)
                0x0000000010000000                . = ALIGN (0x4)
                0x0000000010000000                _esram2 = .
                0x0000000010000000                . = ALIGN (0x4)

.bss            0x0000000020000000       0x1c
                0x0000000020000000                _sbss = .
                0x0000000020000000                __bss_start__ = _sbss
 *(.bss)
 .bss           0x0000000020000000       0x1c c:/st/stm32cubeide_1.10.1/stm32cubeide/plugins/com.st.stm32cube.ide.mcu.externaltools.gnu-tools-for-stm32.10.3-2021.10.win32_1.0.0.202111181127/tools/bin/../lib/gcc/arm-none-eabi/10.3.1/thumb/v7e-m+fp/hard/crtbegin.o
 *(.bss*)
 *(COMMON)
                0x000000002000001c                . = ALIGN (0x4)
                0x000000002000001c                _ebss = .
                0x000000002000001c                __bss_end__ = _ebss

._user_heap_stack
                0x000000002000001c      0x604
                0x0000000020000020                . = ALIGN (0x8)
 *fill*         0x000000002000001c        0x4 
                [!provide]                        PROVIDE (end = .)
                0x0000000020000020                PROVIDE (_end = .)
                0x0000000020000220                . = (. + _Min_Heap_Size)
 *fill*         0x0000000020000020      0x200 
                0x0000000020000620                . = (. + _Min_Stack_Size)
 *fill*         0x0000000020000220      0x400 
                0x0000000020000620                . = ALIGN (0x8)

/DISCARD/
 libc.a(*)
 libm.a(*)
 libgcc.a(*)

.ARM.attributes
                0x0000000000000000       0x30
 *(.ARM.attributes)
 .ARM.attributes
                0x0000000000000000       0x1e c:/st/stm32cubeide_1.10.1/stm32cubeide/plugins/com.st.stm32cube.ide.mcu.externaltools.gnu-tools-for-stm32.10.3-2021.10.win32_1.0.0.202111181127/tools/bin/../lib/gcc/arm-none-eabi/10.3.1/thumb/v7e-m+fp/hard/crti.o
 .ARM.attributes
                0x000000000000001e       0x34 c:/st/stm32cubeide_1.10.1/stm32cubeide/plugins/com.st.stm32cube.ide.mcu.externaltools.gnu-tools-for-stm32.10.3-2021.10.win32_1.0.0.202111181127/tools/bin/../lib/gcc/arm-none-eabi/10.3.1/thumb/v7e-m+fp/hard/crtbegin.o
 .ARM.attributes
                0x0000000000000052       0x34 ./Src/main.o
 .ARM.attributes
                0x0000000000000086       0x34 ./Src/system_stm32l4xx.o
 .ARM.attributes
                0x00000000000000ba       0x21 ./Startup/startup_stm32l496zgtx.o
 .ARM.attributes
                0x00000000000000db       0x34 c:/st/stm32cubeide_1.10.1/stm32cubeide/plugins/com.st.stm32cube.ide.mcu.externaltools.gnu-tools-for-stm32.10.3-2021.10.win32_1.0.0.202111181127/tools/bin/../lib/gcc/arm-none-eabi/10.3.1/../../../../arm-none-eabi/lib/thumb/v7e-m+fp/hard\libc_nano.a(lib_a-init.o)
 .ARM.attributes
                0x000000000000010f       0x1e c:/st/stm32cubeide_1.10.1/stm32cubeide/plugins/com.st.stm32cube.ide.mcu.externaltools.gnu-tools-for-stm32.10.3-2021.10.win32_1.0.0.202111181127/tools/bin/../lib/gcc/arm-none-eabi/10.3.1/thumb/v7e-m+fp/hard/crtn.o
OUTPUT(App1.elf elf32-littlearm)
LOAD linker stubs
LOAD c:/st/stm32cubeide_1.10.1/stm32cubeide/plugins/com.st.stm32cube.ide.mcu.externaltools.gnu-tools-for-stm32.10.3-2021.10.win32_1.0.0.202111181127/tools/bin/../lib/gcc/arm-none-eabi/10.3.1/../../../../arm-none-eabi/lib/thumb/v7e-m+fp/hard\libc.a
LOAD c:/st/stm32cubeide_1.10.1/stm32cubeide/plugins/com.st.stm32cube.ide.mcu.externaltools.gnu-tools-for-stm32.10.3-2021.10.win32_1.0.0.202111181127/tools/bin/../lib/gcc/arm-none-eabi/10.3.1/../../../../arm-none-eabi/lib/thumb/v7e-m+fp/hard\libm.a
LOAD c:/st/stm32cubeide_1.10.1/stm32cubeide/plugins/com.st.stm32cube.ide.mcu.externaltools.gnu-tools-for-stm32.10.3-2021.10.win32_1.0.0.202111181127/tools/bin/../lib/gcc/arm-none-eabi/10.3.1/thumb/v7e-m+fp/hard\libgcc.a

.debug_info     0x0000000000000000      0xdb5
 .debug_info    0x0000000000000000      0x7b8 ./Src/main.o
 .debug_info    0x00000000000007b8      0x5db ./Src/system_stm32l4xx.o
 .debug_info    0x0000000000000d93       0x22 ./Startup/startup_stm32l496zgtx.o

.debug_abbrev   0x0000000000000000      0x32a
 .debug_abbrev  0x0000000000000000      0x202 ./Src/main.o
 .debug_abbrev  0x0000000000000202      0x116 ./Src/system_stm32l4xx.o
 .debug_abbrev  0x0000000000000318       0x12 ./Startup/startup_stm32l496zgtx.o

.debug_aranges  0x0000000000000000       0xc0
 .debug_aranges
                0x0000000000000000       0x70 ./Src/main.o
 .debug_aranges
                0x0000000000000070       0x28 ./Src/system_stm32l4xx.o
 .debug_aranges
                0x0000000000000098       0x28 ./Startup/startup_stm32l496zgtx.o

.debug_ranges   0x0000000000000000       0x98
 .debug_ranges  0x0000000000000000       0x60 ./Src/main.o
 .debug_ranges  0x0000000000000060       0x18 ./Src/system_stm32l4xx.o
 .debug_ranges  0x0000000000000078       0x20 ./Startup/startup_stm32l496zgtx.o

.debug_macro    0x0000000000000000    0x1f4b1
 .debug_macro   0x0000000000000000      0x29d ./Src/main.o
 .debug_macro   0x000000000000029d      0xa7e ./Src/main.o
 .debug_macro   0x0000000000000d1b       0x2e ./Src/main.o
 .debug_macro   0x0000000000000d49       0x28 ./Src/main.o
 .debug_macro   0x0000000000000d71       0x22 ./Src/main.o
 .debug_macro   0x0000000000000d93       0x8e ./Src/main.o
 .debug_macro   0x0000000000000e21       0x51 ./Src/main.o
 .debug_macro   0x0000000000000e72      0x103 ./Src/main.o
 .debug_macro   0x0000000000000f75       0x6a ./Src/main.o
 .debug_macro   0x0000000000000fdf      0x1df ./Src/main.o
 .debug_macro   0x00000000000011be       0x1c ./Src/main.o
 .debug_macro   0x00000000000011da       0x22 ./Src/main.o
 .debug_macro   0x00000000000011fc       0xfb ./Src/main.o
 .debug_macro   0x00000000000012f7     0x1011 ./Src/main.o
 .debug_macro   0x0000000000002308      0x11f ./Src/main.o
 .debug_macro   0x0000000000002427    0x1c1e0 ./Src/main.o
 .debug_macro   0x000000000001e607       0x6d ./Src/main.o
 .debug_macro   0x000000000001e674       0x22 ./Src/main.o
 .debug_macro   0x000000000001e696       0x1e ./Src/main.o
 .debug_macro   0x000000000001e6b4       0x52 ./Src/main.o
 .debug_macro   0x000000000001e706       0x3c ./Src/main.o
 .debug_macro   0x000000000001e742       0x34 ./Src/main.o
 .debug_macro   0x000000000001e776       0x16 ./Src/main.o
 .debug_macro   0x000000000001e78c      0x10e ./Src/main.o
 .debug_macro   0x000000000001e89a       0x8d ./Src/main.o
 .debug_macro   0x000000000001e927       0x16 ./Src/main.o
 .debug_macro   0x000000000001e93d       0x43 ./Src/main.o
 .debug_macro   0x000000000001e980       0x34 ./Src/main.o
 .debug_macro   0x000000000001e9b4       0x10 ./Src/main.o
 .debug_macro   0x000000000001e9c4       0x58 ./Src/main.o
 .debug_macro   0x000000000001ea1c       0x71 ./Src/main.o
 .debug_macro   0x000000000001ea8d       0x1c ./Src/main.o
 .debug_macro   0x000000000001eaa9      0x12a ./Src/main.o
 .debug_macro   0x000000000001ebd3      0x341 ./Src/main.o
 .debug_macro   0x000000000001ef14       0x16 ./Src/main.o
 .debug_macro   0x000000000001ef2a       0x29 ./Src/main.o
 .debug_macro   0x000000000001ef53       0x16 ./Src/main.o
 .debug_macro   0x000000000001ef69       0x35 ./Src/main.o
 .debug_macro   0x000000000001ef9e       0x20 ./Src/main.o
 .debug_macro   0x000000000001efbe       0x58 ./Src/main.o
 .debug_macro   0x000000000001f016       0x1c ./Src/main.o
 .debug_macro   0x000000000001f032       0x10 ./Src/main.o
 .debug_macro   0x000000000001f042       0x1c ./Src/main.o
 .debug_macro   0x000000000001f05e       0x52 ./Src/main.o
 .debug_macro   0x000000000001f0b0       0x22 ./Src/main.o
 .debug_macro   0x000000000001f0d2       0x10 ./Src/main.o
 .debug_macro   0x000000000001f0e2       0x52 ./Src/main.o
 .debug_macro   0x000000000001f134       0xd5 ./Src/main.o
 .debug_macro   0x000000000001f209       0x1c ./Src/main.o
 .debug_macro   0x000000000001f225       0x3d ./Src/main.o
 .debug_macro   0x000000000001f262       0x16 ./Src/main.o
 .debug_macro   0x000000000001f278      0x145 ./Src/main.o
 .debug_macro   0x000000000001f3bd       0xf4 ./Src/system_stm32l4xx.o

.debug_line     0x0000000000000000      0xd9b
 .debug_line    0x0000000000000000      0x858 ./Src/main.o
 .debug_line    0x0000000000000858      0x4bf ./Src/system_stm32l4xx.o
 .debug_line    0x0000000000000d17       0x84 ./Startup/startup_stm32l496zgtx.o

.debug_str      0x0000000000000000    0xad428
 .debug_str     0x0000000000000000    0xad27c ./Src/main.o
                                      0xad501 (size before relaxing)
 .debug_str     0x00000000000ad27c      0x17b ./Src/system_stm32l4xx.o
                                      0xa9169 (size before relaxing)
 .debug_str     0x00000000000ad3f7       0x31 ./Startup/startup_stm32l496zgtx.o
                                         0x6f (size before relaxing)

.comment        0x0000000000000000       0x50
 .comment       0x0000000000000000       0x50 ./Src/main.o
                                         0x51 (size before relaxing)
 .comment       0x0000000000000050       0x51 ./Src/system_stm32l4xx.o

.debug_frame    0x0000000000000000      0x238
 .debug_frame   0x0000000000000000      0x1b4 ./Src/main.o
 .debug_frame   0x00000000000001b4       0x58 ./Src/system_stm32l4xx.o
 .debug_frame   0x000000000000020c       0x2c c:/st/stm32cubeide_1.10.1/stm32cubeide/plugins/com.st.stm32cube.ide.mcu.externaltools.gnu-tools-for-stm32.10.3-2021.10.win32_1.0.0.202111181127/tools/bin/../lib/gcc/arm-none-eabi/10.3.1/../../../../arm-none-eabi/lib/thumb/v7e-m+fp/hard\libc_nano.a(lib_a-init.o)
