../Inc/core_cm4.h:1679:22:__NVIC_EnableIRQ	16	static,ignoring_inline_asm
../Inc/core_cm4.h:1809:22:__NVIC_SetPriority	16	static
../Src/main.c:49:6:delay_ms	16	static
../Src/main.c:54:6:SysTickHandler	4	static
../Src/main.c:62:6:app1_green_led_blink	8	static
../Src/main.c:71:6:app2_red_led_blink	8	static
../Src/main.c:83:6:RCCInitForUSART	16	static
../Src/main.c:104:6:GPIOInitForUSART	16	static
../Src/main.c:132:6:BSP_USART_Config	16	static
../Src/main.c:148:9:USART_ReadChar	16	static
../Src/main.c:155:9:USART3_ReadChar	16	static
../Src/main.c:161:6:USART_WriteChar	16	static
../Src/main.c:166:6:USART_WriteText	32	static
../Src/main.c:172:6:USART3_SendChar	16	static
../Src/main.c:178:6:USART3_SendTxt	16	static
../Src/main.c:187:6:printMessages	112	static
../Src/main.c:198:6:USART3_IRQHandler	8	static
../Src/main.c:219:6:UploadModeEnable	4	static
../Src/main.c:259:6:SelectionTerminalScreen	24	static
../Src/main.c:338:6:WriteToAddressApp1	16	static
../Src/main.c:349:6:WriteToAddressApp2	16	static
../Src/main.c:360:6:DoubleWordWriteFlashCalculator	8	static
../Src/main.c:418:5:main	8	static
